[www.hardifinserv.in/index.html]
[www.hardifinserv.in/xmlrpc.php]
[backblue.gif]
[fade.gif]
[index.html]
[www.hardifinserv.in/wp-includes/css/dist/block-library/style.min0899.css]
[www.hardifinserv.in/wp-content/plugins/contact-form-7/includes/css/stylesfc7a.css]
[www.hardifinserv.in/wp-content/uploads/stm_fonts/stm/stm5152.css]
[www.hardifinserv.in/feed/index.html]
[www.hardifinserv.in/wp-content/plugins/revslider/public/assets/css/rs6e434.css]
[www.hardifinserv.in/wp-content/plugins/stm-post-type/theme-options/nuxy/metaboxes/assets/vendors/font-awesome.minf5fe.css]
[www.hardifinserv.in/wp-content/themes/consulting/assets/css/bootstrap.min05da.css]
[www.hardifinserv.in/comments/feed/index.html]
[www.hardifinserv.in/wp-content/themes/consulting/style05da.css]
[www.hardifinserv.in/wp-content/themes/consulting/assets/css/layouts/layout_zurich/main05da.css]
[www.hardifinserv.in/wp-content/uploads/stm_uploads/skin-customd1df.css]
[www.hardifinserv.in/wp-content/themes/consulting-child/style05da.css]
[www.hardifinserv.in/wp-content/themes/consulting/assets/css/font-awesome.min05da.css]
[www.hardifinserv.in/wp-content/themes/consulting/assets/css/select2.min05da.css]
[www.hardifinserv.in/wp-content/themes/consulting/assets/css/header_builder05da.css]
[www.hardifinserv.in/wp-content/uploads/stm_uploads/theme_options05da.css]
[www.hardifinserv.in/wp-content/themes/consulting/assets/css/layouts/global_styles/main05da.css]
[www.hardifinserv.in/wp-content/themes/consulting/inc/megamenu/assets/css/megamenu0899.css]
[www.hardifinserv.in/wp-content/plugins/wp-whatsapp-chat/build/frontend/css/stylef66a.css]
[www.hardifinserv.in/wp-content/plugins/js_composer/assets/css/js_composer.min3787.css]
[www.hardifinserv.in/wp-content/plugins/popup-maker/assets/css/pum-site.minee0e.css]
[www.hardifinserv.in/wp-includes/js/jquery/jquery.minf43b.js]
[www.hardifinserv.in/wp-includes/js/jquery/jquery-migrate.min5589.js]
[www.hardifinserv.in/wp-content/plugins/revslider/public/assets/js/rbtools.minb7f2.js]
[www.hardifinserv.in/wp-content/plugins/revslider/public/assets/js/rs6.mine434.js]
[www.hardifinserv.in/wp-content/themes/consulting/inc/megamenu/assets/js/megamenu0899.js]
[www.hardifinserv.in/wp-json/wp/v2/pages/1071.json]
[www.hardifinserv.in/xmlrpc0db0.php]
[www.hardifinserv.in/wp-json/index.html]
[www.hardifinserv.in/wp-json/oembed/1.0/embedf18e.json]
[www.hardifinserv.in/wp-json/oembed/1.0/embedb05b]
[www.hardifinserv.in/wp-admin/admin-ajax.php]
[www.hardifinserv.in/wp-content/uploads/2018/06/bg13e45.jpg]
[www.hardifinserv.in/wp-content/uploads/2023/03/New-Logo-Hardi-Finserv-01.png]
[www.hardifinserv.in/wp-content/uploads/2020/10/Google-Play-Store.png]
[www.hardifinserv.in/wp-content/uploads/2020/10/Apple-Store.png]
[www.hardifinserv.in/invest-online/index.html]
[www.hardifinserv.in/about/index.html]
[www.hardifinserv.in/about/core-team/index.html]
[www.hardifinserv.in/wp-content/uploads/2018/06/slide1.jpg]
[www.hardifinserv.in/about/why-us/index.html]
[www.hardifinserv.in/about/company-history/index.html]
[www.hardifinserv.in/wp-content/uploads/2018/06/slide2.jpg]
[www.hardifinserv.in/about/company-brochure/index.html]
[www.hardifinserv.in/wp-content/uploads/2019/04/Home-Services.png]
[www.hardifinserv.in/products/index.html]
[www.hardifinserv.in/wp-content/plugins/revslider/public/assets/fonts/font-awesome/css/font-awesome.css]
[www.hardifinserv.in/products/mutual-fund/index.html]
[www.hardifinserv.in/wp-content/themes/consulting/assets/css/animate.min05da.css]
[www.hardifinserv.in/products/equity-investment/index.html]
[www.hardifinserv.in/wp-content/plugins/js_composer/assets/lib/vendor/node_modules/@fortawesome/fontawesome-free/css/v4-shims.min3787.css]
[www.hardifinserv.in/products/pms-services/index.html]
[www.hardifinserv.in/wp-content/plugins/js_composer/assets/lib/vendor/node_modules/@fortawesome/fontawesome-free/css/all.min3787.css]
[www.hardifinserv.in/products/insurance/index.html]
[www.hardifinserv.in/wp-content/plugins/js_composer/assets/css/js_composer_tta.min3787.css]
[www.hardifinserv.in/wp-content/themes/consulting/assets/css/slick05da.css]
[www.hardifinserv.in/wp-includes/js/dist/hooks.min4fdd.js]
[www.hardifinserv.in/products/insurance/life-insurance/index.html]
[www.hardifinserv.in/wp-includes/js/dist/i18n.minc33c.js]
[www.hardifinserv.in/wp-content/plugins/contact-form-7/includes/swv/js/indexfc7a.js]
[www.hardifinserv.in/wp-content/plugins/contact-form-7/includes/js/indexfc7a.js]
[www.hardifinserv.in/wp-content/themes/consulting/assets/js/bootstrap.min05da.js]
[www.hardifinserv.in/products/insurance/general-insurance/index.html]
[www.hardifinserv.in/wp-content/themes/consulting/assets/js/select2.min05da.js]
[www.hardifinserv.in/wp-content/themes/consulting/assets/js/custom05da.js]
[www.hardifinserv.in/products/insurance/term-plan/index.html]
[www.hardifinserv.in/wp-includes/js/dist/vendor/react.mine1ab.js]
[www.hardifinserv.in/wp-includes/js/dist/vendor/react-dom.mine1ab.js]
[www.hardifinserv.in/wp-includes/js/dist/escape-html.min3a9d.js]
[www.hardifinserv.in/wp-includes/js/dist/element.minfa0f.js]
[www.hardifinserv.in/products/insurance/health-insurance/index.html]
[www.hardifinserv.in/wp-content/plugins/wp-whatsapp-chat/build/frontend/js/index3f00.js]
[www.hardifinserv.in/wp-includes/js/jquery/ui/core.minb37e.js]
[www.hardifinserv.in/wp-content/plugins/popup-maker/assets/js/site.min6ace.js]
[www.hardifinserv.in/products/fixed-income-products/index.html]
[www.hardifinserv.in/wp-content/plugins/js_composer/assets/js/dist/js_composer_front.min3787.js]
[www.hardifinserv.in/wp-content/themes/consulting/assets/js/particles.min05da.js]
[www.hardifinserv.in/wp-content/plugins/js_composer/assets/lib/vc/vc_accordion/vc-accordion.min3787.js]
[www.hardifinserv.in/wp-content/plugins/js_composer/assets/lib/vc/vc-tta-autoplay/vc-tta-autoplay.min3787.js]
[www.hardifinserv.in/products/loans-procurement/index.html]
[www.hardifinserv.in/wp-content/themes/consulting/assets/js/slick.min05da.js]
[www.hardifinserv.in/index.html]
[www.hardifinserv.in/xmlrpc.php]
[www.hardifinserv.in/services-grid/index.html]
[www.hardifinserv.in/products/nri-services/index.html]
[www.hardifinserv.in/wp-includes/css/dist/block-library/style.min0899.css]
[www.hardifinserv.in/service/tax-planning/index.html]
[www.hardifinserv.in/service/wealth-management/index.html]
[www.hardifinserv.in/service/goal-based-investing/index.html]
[www.hardifinserv.in/wp-content/plugins/contact-form-7/includes/css/stylesfc7a.css]
[www.hardifinserv.in/service/financial-planning/index.html]
[www.hardifinserv.in/category/blog/hardi-times/index.html]
[www.hardifinserv.in/knowledge-center/index.html]
[www.hardifinserv.in/knowledge-center/mutual-funds-faqs/index.html]
[www.hardifinserv.in/knowledge-center/sip-faqs/index.html]
[www.hardifinserv.in/knowledge-center/insurance-faqs/index.html]
[www.hardifinserv.in/knowledge-center/images/index.html]
[www.hardifinserv.in/wp-content/uploads/stm_fonts/stm/stm93ff.eot]
[www.hardifinserv.in/knowledge-center/video/index.html]
[www.hardifinserv.in/wp-content/uploads/stm_fonts/stm/stm93ff.ttf]
[www.hardifinserv.in/category/blog/index.html]
[www.hardifinserv.in/wp-content/uploads/stm_fonts/stm/stm93ff.woff]
[www.hardifinserv.in/wp-content/uploads/stm_fonts/stm/stm5152.css]
[www.hardifinserv.in/wp-content/uploads/stm_fonts/stm/stm93ff.svg]
[www.hardifinserv.in/calculator/index.html]
[www.hardifinserv.in/wp-content/plugins/revslider/public/assets/fonts/revicons/revicons90c6.eot]
[www.hardifinserv.in/calculator/sip-calculator/index.html]
[www.hardifinserv.in/wp-content/plugins/revslider/public/assets/fonts/revicons/revicons90c6.woff]
[www.hardifinserv.in/wp-content/plugins/revslider/public/assets/fonts/revicons/revicons90c6.ttf]
[www.hardifinserv.in/wp-content/plugins/revslider/public/assets/fonts/revicons/revicons90c6.svg]
[www.hardifinserv.in/calculator/education-planner/index.html]
[www.hardifinserv.in/wp-content/plugins/revslider/public/assets/css/openhand.cur]
[www.hardifinserv.in/wp-content/plugins/revslider/public/assets/css/closedhand.cur]
[www.hardifinserv.in/wp-content/plugins/revslider/public/assets/assets/gridtile.png]
[www.hardifinserv.in/calculator/retirement-planner/index.html]
[www.hardifinserv.in/wp-content/plugins/revslider/public/assets/assets/gridtile_white.png]
[www.hardifinserv.in/calculator/sip-delay-calculator/index.html]
[www.hardifinserv.in/wp-content/plugins/revslider/public/assets/assets/gridtile_3x3.png]
[www.hardifinserv.in/wp-content/plugins/revslider/public/assets/assets/gridtile_3x3_white.png]
[www.hardifinserv.in/calculator/return-calculator/index.html]
[www.hardifinserv.in/wp-content/plugins/revslider/public/assets/assets/coloredbg.png]
[www.hardifinserv.in/wp-content/plugins/revslider/public/assets/assets/loader.gif]
[www.hardifinserv.in/wp-content/plugins/revslider/public/assets/css/rs6e434.css]
[www.hardifinserv.in/calculator/goal-planner/index.html]
[www.hardifinserv.in/wp-content/plugins/stm-post-type/theme-options/nuxy/metaboxes/assets/webfonts/fa-brands-400.eot]
[www.hardifinserv.in/wp-content/plugins/stm-post-type/theme-options/nuxy/metaboxes/assets/webfonts/fa-brands-400d41d.eot]
[www.hardifinserv.in/calculator/marriage-planner/index.html]
[www.hardifinserv.in/wp-content/plugins/stm-post-type/theme-options/nuxy/metaboxes/assets/webfonts/fa-brands-400.woff2]
[www.hardifinserv.in/wp-content/plugins/stm-post-type/theme-options/nuxy/metaboxes/assets/webfonts/fa-brands-400.woff]
[www.hardifinserv.in/calculator/emi-calculator/index.html]
[www.hardifinserv.in/wp-content/plugins/stm-post-type/theme-options/nuxy/metaboxes/assets/webfonts/fa-brands-400.ttf]
[www.hardifinserv.in/wp-content/plugins/stm-post-type/theme-options/nuxy/metaboxes/assets/webfonts/fa-brands-400.svg]
[www.hardifinserv.in/downloads/index.html]
[www.hardifinserv.in/wp-content/plugins/stm-post-type/theme-options/nuxy/metaboxes/assets/webfonts/fa-regular-400.eot]
[www.hardifinserv.in/wp-content/plugins/stm-post-type/theme-options/nuxy/metaboxes/assets/webfonts/fa-regular-400d41d.eot]
[www.hardifinserv.in/wp-content/plugins/stm-post-type/theme-options/nuxy/metaboxes/assets/webfonts/fa-regular-400.woff2]
[www.hardifinserv.in/wp-content/plugins/stm-post-type/theme-options/nuxy/metaboxes/assets/webfonts/fa-regular-400.woff]
[www.hardifinserv.in/downloads/mf-form/index.html]
[www.hardifinserv.in/wp-content/plugins/stm-post-type/theme-options/nuxy/metaboxes/assets/webfonts/fa-regular-400.ttf]
[www.hardifinserv.in/wp-content/plugins/stm-post-type/theme-options/nuxy/metaboxes/assets/webfonts/fa-regular-400.svg]
[www.hardifinserv.in/wp-content/plugins/stm-post-type/theme-options/nuxy/metaboxes/assets/webfonts/fa-solid-900.eot]
[www.hardifinserv.in/downloads/kyc-fatca-form/index.html]
[www.hardifinserv.in/downloads/investor-data-form/index.html]
[www.hardifinserv.in/downloads/client-master-data-form/index.html]
[www.hardifinserv.in/wp-content/plugins/stm-post-type/theme-options/nuxy/metaboxes/assets/webfonts/fa-solid-900d41d.eot]
[www.hardifinserv.in/wp-content/plugins/stm-post-type/theme-options/nuxy/metaboxes/assets/webfonts/fa-solid-900.woff2]
[www.hardifinserv.in/downloads/software/index.html]
[www.hardifinserv.in/downloads/risk-profiler/index.html]
[www.hardifinserv.in/wp-content/plugins/stm-post-type/theme-options/nuxy/metaboxes/assets/webfonts/fa-solid-900.woff]
[www.hardifinserv.in/wp-content/plugins/stm-post-type/theme-options/nuxy/metaboxes/assets/webfonts/fa-solid-900.ttf]
[www.hardifinserv.in/wp-content/plugins/stm-post-type/theme-options/nuxy/metaboxes/assets/vendors/font-awesome.minf5fe.css]
[www.hardifinserv.in/wp-content/plugins/stm-post-type/theme-options/nuxy/metaboxes/assets/webfonts/fa-solid-900.svg]
[www.hardifinserv.in/wp-content/themes/consulting/assets/fonts/glyphicons-halflings-regular.eot]
[www.hardifinserv.in/contact-us/index.html]
[www.hardifinserv.in/register-new-client/index.html]
[www.hardifinserv.in/wp-content/themes/consulting/assets/fonts/glyphicons-halflings-regulard41d.eot]
[www.hardifinserv.in/make-an-appointment/index.html]
[www.hardifinserv.in/wp-content/themes/consulting/assets/fonts/glyphicons-halflings-regular.woff2]
[www.hardifinserv.in/wp-content/themes/consulting/assets/fonts/glyphicons-halflings-regular.woff]
[www.hardifinserv.in/wp-content/themes/consulting/assets/fonts/glyphicons-halflings-regular.ttf]
[www.hardifinserv.in/wp-content/themes/consulting/assets/fonts/glyphicons-halflings-regular.svg]
[www.hardifinserv.in/wp-content/themes/consulting/assets/css/bootstrap.min05da.css]
[www.hardifinserv.in/wp-content/themes/consulting/style05da.css]
[www.hardifinserv.in/wp-content/themes/consulting/assets/images/page_404.jpg]
[www.hardifinserv.in/wp-content/themes/consulting/assets/images/bg/img_1.jpg]
[www.hardifinserv.in/wp-content/themes/consulting/assets/images/bg/img_2.jpg]
[www.hardifinserv.in/wp-content/themes/consulting/assets/images/bg/img_3.png]
[www.hardifinserv.in/wp-content/themes/consulting/assets/images/bg/img_4.png]
[www.hardifinserv.in/wp-content/themes/consulting/assets/images/stroke.png]
[www.hardifinserv.in/wp-content/themes/consulting/assets/images/stroke@2x.png]
[www.hardifinserv.in/wp-content/themes/consulting/assets/css/images/pattern_3.png]
[www.hardifinserv.in/wp-content/themes/consulting/assets/images/pattern_3.png]
[www.hardifinserv.in/wp-content/themes/consulting/assets/images/testimonials_before_2.png]
[www.hardifinserv.in/wp-content/themes/consulting/assets/images/testimonials_before.png]
[www.hardifinserv.in/wp-content/themes/consulting/assets/images/pattern_4.png]
[www.hardifinserv.in/wp-content/themes/consulting/assets/css/images/pattern_4.png]
[www.hardifinserv.in/wp-content/themes/consulting/assets/images/preloader.gif]
[www.hardifinserv.in/wp-content/themes/consulting/assets/images/comment_before.png]
[www.hardifinserv.in/wp-content/themes/consulting/assets/images/video_overlay.png]
[www.hardifinserv.in/wp-content/themes/consulting/assets/css/layouts/layout_zurich/main05da.css]
[www.hardifinserv.in/wp-content/images/pattern_3.png]
[www.hardifinserv.in/wp-content/images/pattern_4.png]
[www.hardifinserv.in/wp-content/uploads/stm_uploads/skin-customd1df.css]
[www.hardifinserv.in/wp-content/themes/consulting-child/style05da.css]
[www.hardifinserv.in/wp-content/themes/consulting/assets/fonts/fontawesome-webfont3e6e.eot]
[www.hardifinserv.in/wp-content/themes/consulting/assets/fonts/fontawesome-webfontd41d.eot]
[www.hardifinserv.in/wp-content/themes/consulting/assets/fonts/fontawesome-webfont3e6e.woff2]
[www.hardifinserv.in/wp-content/themes/consulting/assets/fonts/fontawesome-webfont3e6e.woff]
[www.hardifinserv.in/wp-content/themes/consulting/assets/fonts/fontawesome-webfont3e6e.ttf]
[www.hardifinserv.in/wp-content/themes/consulting/assets/css/font-awesome.min05da.css]
[www.hardifinserv.in/wp-content/themes/consulting/assets/css/select2.min05da.css]
[www.hardifinserv.in/wp-content/themes/consulting/assets/css/header_builder05da.css]
[www.hardifinserv.in/wp-content/uploads/stm_uploads/theme_options05da.css]
[www.hardifinserv.in/wp-content/themes/consulting/assets/css/layouts/global_styles/main05da.css]
[www.hardifinserv.in/wp-content/themes/consulting/inc/megamenu/assets/css/megamenu0899.css]
[www.hardifinserv.in/wp-content/plugins/wp-whatsapp-chat/build/frontend/css/stylef66a.css]
[www.hardifinserv.in/wp-content/themes/consulting/assets/fonts/fontawesome-webfont3e6e.svg]
[www.hardifinserv.in/wp-content/plugins/js_composer/assets/vc/alert.png]
[www.hardifinserv.in/wp-content/plugins/js_composer/assets/vc/info.png]
[www.hardifinserv.in/wp-content/plugins/js_composer/assets/vc/tick.png]
[www.hardifinserv.in/wp-content/plugins/js_composer/assets/vc/exclamation.png]
[www.hardifinserv.in/wp-content/plugins/js_composer/assets/images/icons/address-book.png]
[www.hardifinserv.in/wp-content/plugins/js_composer/assets/images/icons/alarm-clock.png]
[www.hardifinserv.in/wp-content/plugins/js_composer/assets/images/icons/anchor.png]
[www.hardifinserv.in/wp-content/plugins/js_composer/assets/images/icons/application-image.png]
[www.hardifinserv.in/wp-content/plugins/js_composer/assets/images/icons/arrow.png]
[www.hardifinserv.in/wp-content/plugins/js_composer/assets/images/icons/asterisk.png]
[www.hardifinserv.in/wp-content/plugins/js_composer/assets/images/icons/auction-hammer.png]
[www.hardifinserv.in/wp-content/plugins/js_composer/assets/images/icons/balloon.png]
[www.hardifinserv.in/wp-content/plugins/js_composer/assets/images/icons/balloon-buzz.png]
[www.hardifinserv.in/wp-content/plugins/js_composer/assets/images/icons/balloon-facebook.png]
[www.hardifinserv.in/wp-content/plugins/js_composer/assets/images/icons/balloon-twitter.png]
[www.hardifinserv.in/wp-content/plugins/js_composer/assets/images/icons/battery-full.png]
[www.hardifinserv.in/wp-content/plugins/js_composer/assets/images/icons/binocular.png]
[www.hardifinserv.in/wp-content/plugins/js_composer/assets/images/icons/blue-document-excel.png]
[www.hardifinserv.in/wp-content/plugins/js_composer/assets/images/icons/blue-document-image.png]
[www.hardifinserv.in/wp-content/plugins/js_composer/assets/images/icons/blue-document-music.png]
[www.hardifinserv.in/wp-content/plugins/js_composer/assets/images/icons/blue-document-office.png]
[www.hardifinserv.in/wp-content/plugins/js_composer/assets/images/icons/blue-document-pdf.png]
[www.hardifinserv.in/wp-content/plugins/js_composer/assets/images/icons/blue-document-powerpoint.png]
[www.hardifinserv.in/wp-content/plugins/js_composer/assets/images/icons/blue-document-word.png]
[www.hardifinserv.in/wp-content/plugins/js_composer/assets/images/icons/bookmark.png]
[www.hardifinserv.in/wp-content/plugins/js_composer/assets/images/icons/camcorder.png]
[www.hardifinserv.in/wp-content/plugins/js_composer/assets/images/icons/camera.png]
[www.hardifinserv.in/wp-content/plugins/js_composer/assets/images/icons/chart.png]
[www.hardifinserv.in/wp-content/plugins/js_composer/assets/images/icons/chart-pie.png]
[www.hardifinserv.in/wp-content/plugins/js_composer/assets/images/icons/clock.png]
[www.hardifinserv.in/wp-content/plugins/js_composer/assets/images/icons/control.png]
[www.hardifinserv.in/wp-content/plugins/js_composer/assets/images/icons/fire.png]
[www.hardifinserv.in/wp-content/plugins/js_composer/assets/images/icons/heart.png]
[www.hardifinserv.in/wp-content/plugins/js_composer/assets/images/icons/mail.png]
[www.hardifinserv.in/wp-content/plugins/js_composer/assets/images/icons/plus-shield.png]
[www.hardifinserv.in/wp-content/plugins/js_composer/assets/images/icons/video.png]
[www.hardifinserv.in/wp-content/plugins/js_composer/assets/fonts/vc_icons_v4/fonts/vcpb-plugin-icons7ea9.eot]
[www.hardifinserv.in/wp-content/plugins/js_composer/assets/fonts/vc_icons_v4/fonts/vcpb-plugin-icons7ea9.ttf]
[www.hardifinserv.in/wp-content/plugins/js_composer/assets/fonts/vc_icons_v4/fonts/vcpb-plugin-icons7ea9.woff]
[www.hardifinserv.in/wp-content/plugins/js_composer/assets/fonts/vc_icons_v4/fonts/vcpb-plugin-icons7ea9.svg]
[www.hardifinserv.in/wp-content/plugins/js_composer/assets/images/toggle_open.png]
[www.hardifinserv.in/wp-content/plugins/js_composer/assets/images/toggle_close.png]
[www.hardifinserv.in/wp-content/plugins/js_composer/assets/images/flickr.png]
[www.hardifinserv.in/wp-content/plugins/js_composer/assets/fonts/vc_grid/vc_grid_v157a1.eot]
[www.hardifinserv.in/wp-content/plugins/js_composer/assets/fonts/vc_grid/vc_grid_v1d41d.eot]
[www.hardifinserv.in/wp-content/plugins/js_composer/assets/fonts/vc_grid/vc_grid_v157a1.woff]
[www.hardifinserv.in/wp-content/plugins/js_composer/assets/fonts/vc_grid/vc_grid_v157a1.ttf]
[www.hardifinserv.in/wp-content/plugins/js_composer/assets/fonts/vc_grid/vc_grid_v157a1.svg]
[www.hardifinserv.in/wp-content/plugins/js_composer/assets/images/spinner.gif]
[www.hardifinserv.in/wp-content/plugins/js_composer/assets/vc/remove.png]
[www.hardifinserv.in/wp-content/plugins/js_composer/assets/css/js_composer.min3787.css]
[www.hardifinserv.in/wp-content/plugins/popup-maker/assets/css/pum-site.minee0e.css]
[www.hardifinserv.in/wp-includes/js/jquery/jquery.minf43b.js]
[www.hardifinserv.in/wp-includes/js/jquery/jquery-migrate.min5589.js]
[www.hardifinserv.in/wp-content/plugins/revslider/public/assets/js/rbtools.minb7f2.js]
[www.hardifinserv.in/images/transparent.png]
[www.hardifinserv.in/assets/transparent.png]
[www.hardifinserv.in/wp-content/plugins/revslider/public/assets/js/rs6.mine434.js]
[www.hardifinserv.in/wp-content/themes/consulting/inc/megamenu/assets/js/megamenu0899.js]
[player.vimeo.com/api/player.js]
[www.hardifinserv.in/indexcd14.html]
[www.hardifinserv.in/wp-admin/admin-ajax.html]
[www.hardifinserv.in/wp-content/plugins/stm-post-type/theme-options/nuxy/metaboxes/assets/vendors/font-awesome.min26a8.css]
[www.hardifinserv.in/wp-content/uploads/stm_uploads/skin-customf635.css]
[www.hardifinserv.in/wp-json/wp/v2/pages/3858.json]
[www.hardifinserv.in/wp-json/oembed/1.0/embed72f4.json]
[www.hardifinserv.in/wp-json/oembed/1.0/embed117d]
[www.hardifinserv.in/invest-online/index.html]
[www.hardifinserv.in/wp-content/plugins/stm-post-type/theme-options/nuxy/metaboxes/assets/vendors/font-awesome.min41e4.css]
[www.hardifinserv.in/wp-content/uploads/stm_uploads/skin-custom5f23.css]
[www.hardifinserv.in/wp-json/wp/v2/pages/9.json]
[www.hardifinserv.in/wp-json/oembed/1.0/embedea37.json]
[www.hardifinserv.in/wp-json/oembed/1.0/embedef2d]
[www.hardifinserv.in/wp-content/uploads/2018/06/bg2ee2d.jpg]
[www.hardifinserv.in/wp-content/uploads/2016/06/placeholder-395x254.gif]
[www.hardifinserv.in/about/index.html]
[www.hardifinserv.in/wp-content/plugins/stm-post-type/theme-options/nuxy/metaboxes/assets/vendors/font-awesome.min631b.css]
[www.hardifinserv.in/wp-content/uploads/stm_uploads/skin-custom0448.css]
[www.hardifinserv.in/wp-json/wp/v2/pages/462.json]
[www.hardifinserv.in/wp-json/oembed/1.0/embed82a9.json]
[www.hardifinserv.in/wp-json/oembed/1.0/embed7be1]
[www.hardifinserv.in/wp-content/uploads/2018/01/Rushabh-New-1-350x250.png]
[www.hardifinserv.in/wp-content/uploads/2018/01/Dixit-130219-1-350x250.png]
[www.hardifinserv.in/wp-content/uploads/2016/06/placeholder-350x250.gif]
[www.hardifinserv.in/about/core-team/index.html]
[www.hardifinserv.in/staff/brandon-copperfield/index.html]
[www.hardifinserv.in/wp-content/plugins/stm-post-type/theme-options/nuxy/metaboxes/assets/vendors/font-awesome.minea78.css]
[www.hardifinserv.in/staff/clark-roberts/index.html]
[www.hardifinserv.in/wp-content/uploads/stm_uploads/skin-custom9c71.css]
[www.hardifinserv.in/wp-json/wp/v2/pages/3606.json]
[www.hardifinserv.in/wp-json/oembed/1.0/embed83a0.json]
[www.hardifinserv.in/staff/ashley-hardy/index.html]
[www.hardifinserv.in/wp-json/oembed/1.0/embedb3b0]
[www.hardifinserv.in/about/why-us/index.html]
[www.hardifinserv.in/wp-content/uploads/2018/07/Why-Choose-Us.png]
[www.hardifinserv.in/wp-content/plugins/stm-post-type/theme-options/nuxy/metaboxes/assets/vendors/font-awesome.min38ec.css]
[www.hardifinserv.in/wp-content/uploads/stm_uploads/skin-customb912.css]
[www.hardifinserv.in/wp-json/wp/v2/pages/377.json]
[www.hardifinserv.in/wp-json/oembed/1.0/embedd9f1.json]
[www.hardifinserv.in/about/company-history/index.html]
[www.hardifinserv.in/wp-json/oembed/1.0/embed2bb0]
[www.hardifinserv.in/wp-content/plugins/stm-post-type/theme-options/nuxy/metaboxes/assets/vendors/font-awesome.min40e7.css]
[www.hardifinserv.in/wp-content/uploads/stm_uploads/skin-custom90b4.css]
[www.hardifinserv.in/wp-json/wp/v2/pages/3607.json]
[www.hardifinserv.in/wp-json/oembed/1.0/embed8e7a.json]
[www.hardifinserv.in/wp-json/oembed/1.0/embed96e3]
[www.hardifinserv.in/wp-content/uploads/2016/06/placeholder-1110x550.gif]
[www.hardifinserv.in/about/company-brochure/index.html]
[www.hardifinserv.in/wp-content/plugins/stm-post-type/theme-options/nuxy/metaboxes/assets/vendors/font-awesome.minb498.css]
[www.hardifinserv.in/wp-content/uploads/stm_uploads/skin-custom4994.css]
[www.hardifinserv.in/wp-json/wp/v2/pages/3595.json]
[www.hardifinserv.in/wp-json/oembed/1.0/embedf356.json]
[www.hardifinserv.in/wp-json/oembed/1.0/embed1820]
[www.hardifinserv.in/wp-content/uploads/2018/07/Mutual-funds-300x149.jpg]
[www.hardifinserv.in/wp-content/uploads/2018/07/insurance-300x149.jpg]
[www.hardifinserv.in/wp-content/uploads/2018/07/Term-plan-300x149.jpg]
[www.hardifinserv.in/wp-content/uploads/2018/06/Equity-300x149.jpg]
[www.hardifinserv.in/wp-content/uploads/2018/07/Life-insurance-300x149.jpg]
[www.hardifinserv.in/wp-content/uploads/2018/07/health-insurance-300x149.jpg]
[www.hardifinserv.in/wp-content/uploads/2018/07/PMS-Services-300x149.jpg]
[www.hardifinserv.in/wp-content/uploads/2018/07/general-insurance-300x149.jpg]
[www.hardifinserv.in/wp-content/uploads/2018/07/NRI-Services-300x149.jpg]
[www.hardifinserv.in/products/index.html]
[www.hardifinserv.in/wp-content/uploads/stm_uploads/skin-customdd97.css]
[www.hardifinserv.in/wp-json/wp/v2/pages/3434.json]
[www.hardifinserv.in/wp-json/oembed/1.0/embed9752.json]
[www.hardifinserv.in/wp-json/oembed/1.0/embede44c]
[www.hardifinserv.in/wp-content/uploads/2018/07/Mutual-funds.jpg]
[www.hardifinserv.in/products/mutual-fund/index.html]
[www.hardifinserv.in/wp-content/uploads/stm_uploads/skin-custome3e7.css]
[www.hardifinserv.in/wp-json/wp/v2/pages/3579.json]
[www.hardifinserv.in/wp-json/oembed/1.0/embed9fad.json]
[www.hardifinserv.in/wp-json/oembed/1.0/embed91bf]
[www.hardifinserv.in/wp-content/uploads/2019/03/Lakshmishree-300x112.jpg]
[www.hardifinserv.in/wp-content/uploads/2019/03/Lakshmishree-Login-1024x518.png]
[www.hardifinserv.in/products/equity-investment/index.html]
[www.hardifinserv.in/wp-content/plugins/stm-post-type/theme-options/nuxy/metaboxes/assets/vendors/font-awesome.min46d0.css]
[www.hardifinserv.in/wp-content/uploads/stm_uploads/skin-customd48d.css]
[www.hardifinserv.in/wp-json/wp/v2/pages/3582.json]
[www.hardifinserv.in/wp-json/oembed/1.0/embedc6a1.json]
[www.hardifinserv.in/wp-json/oembed/1.0/embed95d7]
[www.hardifinserv.in/wp-content/uploads/2018/07/PMS-Services.jpg]
[www.hardifinserv.in/products/pms-services/index.html]
[www.hardifinserv.in/wp-content/plugins/stm-post-type/theme-options/nuxy/metaboxes/assets/vendors/font-awesome.min6dfc.css]
[www.hardifinserv.in/wp-content/uploads/stm_uploads/skin-customb206.css]
[www.hardifinserv.in/wp-json/wp/v2/pages/3457.json]
[www.hardifinserv.in/wp-json/oembed/1.0/embed527c.json]
[www.hardifinserv.in/wp-json/oembed/1.0/embedcbac]
[www.hardifinserv.in/wp-content/plugins/js_composer/assets/lib/vendor/node_modules/animate.css/animate.min3787.css]
[www.hardifinserv.in/products/insurance/index.html]
[www.hardifinserv.in/wp-content/plugins/js_composer/assets/lib/vc/vc_waypoints/vc-waypoints.min3787.js]
[www.hardifinserv.in/wp-content/plugins/stm-post-type/theme-options/nuxy/metaboxes/assets/vendors/font-awesome.minb325.css]
[www.hardifinserv.in/wp-content/uploads/stm_uploads/skin-customfe6d.css]
[www.hardifinserv.in/wp-json/wp/v2/pages/3585.json]
[www.hardifinserv.in/wp-json/oembed/1.0/embeddb61.json]
[www.hardifinserv.in/wp-json/oembed/1.0/embedfa44]
[www.hardifinserv.in/wp-content/uploads/2018/07/Life-insurance.jpg]
[www.hardifinserv.in/products/insurance/life-insurance/index.html]
[www.hardifinserv.in/wp-content/plugins/stm-post-type/theme-options/nuxy/metaboxes/assets/vendors/font-awesome.min7e03.css]
[www.hardifinserv.in/wp-content/uploads/stm_uploads/skin-custom7f1d.css]
[www.hardifinserv.in/wp-json/wp/v2/pages/3583.json]
[www.hardifinserv.in/wp-json/oembed/1.0/embed71f0.json]
[www.hardifinserv.in/wp-json/oembed/1.0/embed8cf1]
[www.hardifinserv.in/wp-content/uploads/2018/07/general-insurance.jpg]
[www.hardifinserv.in/products/insurance/general-insurance/index.html]
[www.hardifinserv.in/wp-content/plugins/stm-post-type/theme-options/nuxy/metaboxes/assets/vendors/font-awesome.minf15b.css]
[www.hardifinserv.in/wp-content/uploads/stm_uploads/skin-custom6884.css]
[www.hardifinserv.in/wp-json/wp/v2/pages/3592.json]
[www.hardifinserv.in/wp-json/oembed/1.0/embed4677.json]
[www.hardifinserv.in/wp-json/oembed/1.0/embedb4eb]
[www.hardifinserv.in/wp-content/uploads/2018/07/Term-plan.jpg]
[www.hardifinserv.in/products/insurance/term-plan/index.html]
[www.hardifinserv.in/wp-content/plugins/stm-post-type/theme-options/nuxy/metaboxes/assets/vendors/font-awesome.min396c.css]
[www.hardifinserv.in/wp-content/uploads/stm_uploads/skin-custom8c02.css]
[www.hardifinserv.in/wp-json/wp/v2/pages/3590.json]
[www.hardifinserv.in/wp-json/oembed/1.0/embed1cab.json]
[www.hardifinserv.in/wp-json/oembed/1.0/embedcf43]
[www.hardifinserv.in/wp-content/uploads/2019/03/Star-Health-300x129.png]
[www.hardifinserv.in/products/insurance/health-insurance/index.html]
[www.hardifinserv.in/wp-content/uploads/2019/03/Apollo-Munich-300x168.png]
[www.hardifinserv.in/wp-content/plugins/stm-post-type/theme-options/nuxy/metaboxes/assets/vendors/font-awesome.min9316.css]
[www.hardifinserv.in/wp-content/uploads/stm_uploads/skin-custom878b.css]
[www.hardifinserv.in/wp-json/wp/v2/pages/3593.json]
[www.hardifinserv.in/wp-json/oembed/1.0/embedf501.json]
[www.hardifinserv.in/products/fixed-income-products/index.html]
[www.hardifinserv.in/wp-json/oembed/1.0/embedfd96]
[www.hardifinserv.in/wp-content/plugins/stm-post-type/theme-options/nuxy/metaboxes/assets/vendors/font-awesome.min2e4f.css]
[www.hardifinserv.in/wp-content/uploads/stm_uploads/skin-customf0f7.css]
[www.hardifinserv.in/wp-json/wp/v2/pages/3599.json]
[www.hardifinserv.in/wp-json/oembed/1.0/embed6b63.json]
[www.hardifinserv.in/wp-json/oembed/1.0/embedeaf5]
[www.hardifinserv.in/products/loans-procurement/index.html]
[www.hardifinserv.in/wp-content/plugins/stm-post-type/theme-options/nuxy/metaboxes/assets/vendors/font-awesome.minca21.css]
[www.hardifinserv.in/wp-content/uploads/stm_uploads/skin-custom592b.css]
[www.hardifinserv.in/wp-json/wp/v2/pages/3600.json]
[www.hardifinserv.in/wp-json/oembed/1.0/embedf7b1.json]
[www.hardifinserv.in/wp-json/oembed/1.0/embedada6]
[www.hardifinserv.in/wp-content/uploads/2018/07/NRI-Services.jpg]
[www.hardifinserv.in/products/nri-services/index.html]
[www.hardifinserv.in/wp-content/plugins/stm-post-type/theme-options/nuxy/metaboxes/assets/vendors/font-awesome.min0920.css]
[www.hardifinserv.in/wp-content/uploads/stm_uploads/skin-custom8aae.css]
[www.hardifinserv.in/wp-json/wp/v2/pages/558.json]
[www.hardifinserv.in/wp-json/oembed/1.0/embed3285.json]
[www.hardifinserv.in/wp-json/oembed/1.0/embedcdcf]
[www.hardifinserv.in/wp-content/uploads/2018/06/Maco-Tax-Planning-Icon-Strip-1024x541.jpg]
[www.hardifinserv.in/wp-content/uploads/2018/06/warren-buffet-6-investment-rules4-1024x576.jpg]
[www.hardifinserv.in/wp-content/uploads/2018/06/Goal-Based-Investing.png]
[www.hardifinserv.in/wp-content/uploads/2016/01/Financial-Planning-For-New-Financial-Year-2018-19-696x394.jpg]
[www.hardifinserv.in/services-grid/index.html]
[www.hardifinserv.in/wp-content/plugins/stm-post-type/theme-options/nuxy/metaboxes/assets/vendors/font-awesome.min66aa.css]
[www.hardifinserv.in/wp-content/uploads/stm_uploads/skin-customf00a.css]
[www.hardifinserv.in/wp-json/oembed/1.0/embedaaa9.json]
[www.hardifinserv.in/wp-json/oembed/1.0/embed0e12]
[www.hardifinserv.in/wp-content/uploads/2018/06/Maco-Tax-Planning-Icon-Strip.jpg]
[www.hardifinserv.in/service/tax-planning/index.html]
[www.hardifinserv.in/wp-content/plugins/stm-post-type/theme-options/nuxy/metaboxes/assets/vendors/font-awesome.min8502.css]
[www.hardifinserv.in/wp-content/uploads/stm_uploads/skin-customf4d4.css]
[www.hardifinserv.in/wp-json/oembed/1.0/embedc00f.json]
[www.hardifinserv.in/wp-json/oembed/1.0/embedd973]
[www.hardifinserv.in/wp-content/uploads/2018/06/warren-buffet-6-investment-rules4.jpg]
[www.hardifinserv.in/service/wealth-management/index.html]
[www.hardifinserv.in/wp-content/plugins/stm-post-type/theme-options/nuxy/metaboxes/assets/vendors/font-awesome.minbb3d.css]
[www.hardifinserv.in/wp-content/uploads/stm_uploads/skin-customaa3e.css]
[www.hardifinserv.in/wp-json/oembed/1.0/embed8c21.json]
[www.hardifinserv.in/service/goal-based-investing/index.html]
[www.hardifinserv.in/wp-json/oembed/1.0/embeddc8c]
[www.hardifinserv.in/wp-content/plugins/stm-post-type/theme-options/nuxy/metaboxes/assets/vendors/font-awesome.minfd48.css]
[www.hardifinserv.in/wp-content/uploads/stm_uploads/skin-custom17c9.css]
[www.hardifinserv.in/wp-json/oembed/1.0/embedda19.json]
[www.hardifinserv.in/wp-json/oembed/1.0/embedb7fc]
[www.hardifinserv.in/service/financial-planning/index.html]
[www.hardifinserv.in/wp-content/plugins/stm-post-type/theme-options/nuxy/metaboxes/assets/vendors/font-awesome.min99b5.css]
[www.hardifinserv.in/wp-content/uploads/stm_uploads/skin-customc56e.css]
[www.hardifinserv.in/wp-json/wp/v2/pages/3543.json]
[www.hardifinserv.in/wp-json/oembed/1.0/embed7c87.json]
[www.hardifinserv.in/wp-json/oembed/1.0/embede1ad]
[www.hardifinserv.in/wp-content/uploads/2018/07/HARDI-KNOWLEDGE.jpg]
[www.hardifinserv.in/knowledge-center/index.html]
[www.hardifinserv.in/category/blog/hardi-times/feed/index.html]
[www.hardifinserv.in/wp-json/wp/v2/categories/115.json]
[www.hardifinserv.in/category/blog/hardi-times/index.html]
[www.hardifinserv.in/wp-login.html]
[www.hardifinserv.in/wp-content/plugins/stm-post-type/theme-options/nuxy/metaboxes/assets/vendors/font-awesome.min4a69.css]
[www.hardifinserv.in/insurance-investment/index.html]
[www.hardifinserv.in/harvest-great-ideas-from-your-companys-best-assets/index.html]
[www.hardifinserv.in/three-social-media-hacks-for-the-busy-entrepreneur/index.html]
[www.hardifinserv.in/wp-content/uploads/stm_uploads/skin-custom55c0.css]
[www.hardifinserv.in/stick-with-your-concept-but-do-your-homework/index.html]
[www.hardifinserv.in/narrow-your-focus-to-prevent-overanalysis/index.html]
[www.hardifinserv.in/wp-json/wp/v2/pages/3547.json]
[www.hardifinserv.in/2020/03/index.html]
[www.hardifinserv.in/2015/12/index.html]
[www.hardifinserv.in/wp-json/oembed/1.0/embeda641.json]
[www.hardifinserv.in/wp-json/oembed/1.0/embed04dc]
[www.hardifinserv.in/knowledge-center/mutual-funds-faqs/index.html]
[www.hardifinserv.in/wp-content/uploads/stm_uploads/skin-custom9aa2.css]
[www.hardifinserv.in/category/economics/index.html]
[www.hardifinserv.in/category/competitive-research-analysis/index.html]
[www.hardifinserv.in/category/franchising/index.html]
[www.hardifinserv.in/wp-json/wp/v2/pages/3549.json]
[www.hardifinserv.in/category/blog/gujarati/index.html]
[www.hardifinserv.in/category/innovation/index.html]
[www.hardifinserv.in/wp-json/oembed/1.0/embeda9f2.json]
[www.hardifinserv.in/wp-json/oembed/1.0/embed1835]
[www.hardifinserv.in/knowledge-center/sip-faqs/index.html]
[www.hardifinserv.in/wp-content/plugins/stm-post-type/theme-options/nuxy/metaboxes/assets/vendors/font-awesome.min606b.css]
[www.hardifinserv.in/wp-content/uploads/stm_uploads/skin-custom3cf2.css]
[www.hardifinserv.in/wp-json/wp/v2/pages/3551.json]
[www.hardifinserv.in/wp-json/oembed/1.0/embed48c4.json]
[www.hardifinserv.in/knowledge-center/insurance-faqs/index.html]
[www.hardifinserv.in/wp-json/oembed/1.0/embed46ac]
[www.hardifinserv.in/wp-content/plugins/stm-post-type/theme-options/nuxy/metaboxes/assets/vendors/font-awesome.minf37d.css]
[www.hardifinserv.in/wp-content/uploads/stm_uploads/skin-custom7def.css]
[www.hardifinserv.in/wp-json/wp/v2/pages/3553.json]
[www.hardifinserv.in/wp-json/oembed/1.0/embedcdad.json]
[www.hardifinserv.in/wp-json/oembed/1.0/embedb158]
[www.hardifinserv.in/knowledge-center/images/index.html]
[www.hardifinserv.in/wp-content/plugins/stm-post-type/theme-options/nuxy/metaboxes/assets/vendors/font-awesome.mine137.css]
[www.hardifinserv.in/wp-content/uploads/stm_uploads/skin-custom06ac.css]
[www.hardifinserv.in/wp-json/wp/v2/pages/3556.json]
[www.hardifinserv.in/wp-json/oembed/1.0/embed2cbe.json]
[www.hardifinserv.in/knowledge-center/video/index.html]
[www.hardifinserv.in/wp-json/oembed/1.0/embedc8dd]
[www.hardifinserv.in/wp-content/plugins/stm-post-type/theme-options/nuxy/metaboxes/assets/vendors/font-awesome.min3abe.css]
[www.hardifinserv.in/wp-content/uploads/stm_uploads/skin-custom5aca.css]
[www.hardifinserv.in/category/blog/feed/index.html]
[www.hardifinserv.in/wp-json/wp/v2/categories/116.json]
[www.hardifinserv.in/category/blog/index.html]
[www.hardifinserv.in/wp-content/plugins/stm-post-type/theme-options/nuxy/metaboxes/assets/vendors/font-awesome.min6238.css]
[www.hardifinserv.in/wp-content/uploads/stm_uploads/skin-custom2d89.css]
[www.hardifinserv.in/wp-json/wp/v2/pages/3560.json]
[www.hardifinserv.in/wp-json/oembed/1.0/embed6ab1.json]
[www.hardifinserv.in/calculator/index.html]
[www.hardifinserv.in/wp-json/oembed/1.0/embeda342]
[www.hardifinserv.in/wp-content/plugins/stm-post-type/theme-options/nuxy/metaboxes/assets/vendors/font-awesome.min8bc9.css]
[www.hardifinserv.in/wp-content/uploads/stm_uploads/skin-customa0e8.css]
[www.hardifinserv.in/wp-json/wp/v2/pages/3561.json]
[www.hardifinserv.in/wp-json/oembed/1.0/embedd974.json]
[www.hardifinserv.in/calculator/sip-calculator/index.html]
[www.hardifinserv.in/wp-json/oembed/1.0/embed502b]
[www.hardifinserv.in/wp-content/plugins/stm-post-type/theme-options/nuxy/metaboxes/assets/vendors/font-awesome.mine7b8.css]
[www.hardifinserv.in/wp-content/uploads/stm_uploads/skin-custom6948.css]
[www.hardifinserv.in/wp-json/wp/v2/pages/3567.json]
[www.hardifinserv.in/wp-json/oembed/1.0/embed7474.json]
[www.hardifinserv.in/calculator/education-planner/index.html]
[www.hardifinserv.in/wp-json/oembed/1.0/embed1a5c]
[www.hardifinserv.in/wp-content/plugins/stm-post-type/theme-options/nuxy/metaboxes/assets/vendors/font-awesome.minbf42.css]
[www.hardifinserv.in/wp-content/uploads/stm_uploads/skin-customd446.css]
[www.hardifinserv.in/wp-json/wp/v2/pages/3565.json]
[www.hardifinserv.in/wp-json/oembed/1.0/embeda0ec.json]
[www.hardifinserv.in/calculator/retirement-planner/index.html]
[www.hardifinserv.in/wp-json/oembed/1.0/embed09ae]
[www.hardifinserv.in/wp-content/plugins/stm-post-type/theme-options/nuxy/metaboxes/assets/vendors/font-awesome.mind006.css]
[www.hardifinserv.in/wp-content/uploads/stm_uploads/skin-customb997.css]
[www.hardifinserv.in/wp-json/wp/v2/pages/3566.json]
[www.hardifinserv.in/wp-json/oembed/1.0/embed0734.json]
[www.hardifinserv.in/calculator/sip-delay-calculator/index.html]
[www.hardifinserv.in/wp-json/oembed/1.0/embed32ae]
[www.hardifinserv.in/wp-content/plugins/stm-post-type/theme-options/nuxy/metaboxes/assets/vendors/font-awesome.min97ee.css]
[www.hardifinserv.in/wp-content/uploads/stm_uploads/skin-custombb8f.css]
[www.hardifinserv.in/wp-json/wp/v2/pages/3562.json]
[www.hardifinserv.in/wp-json/oembed/1.0/embed1e95.json]
[www.hardifinserv.in/wp-json/oembed/1.0/embedcf22]
[www.hardifinserv.in/calculator/return-calculator/index.html]
[www.hardifinserv.in/wp-content/plugins/stm-post-type/theme-options/nuxy/metaboxes/assets/vendors/font-awesome.min75a2.css]
[www.hardifinserv.in/wp-content/uploads/stm_uploads/skin-custom57dc.css]
[www.hardifinserv.in/wp-json/wp/v2/pages/3563.json]
[www.hardifinserv.in/wp-json/oembed/1.0/embed4919.json]
[www.hardifinserv.in/calculator/goal-planner/index.html]
[www.hardifinserv.in/wp-json/oembed/1.0/embed2991]
[www.hardifinserv.in/wp-content/uploads/stm_uploads/skin-custom02c3.css]
[www.hardifinserv.in/wp-json/wp/v2/pages/3564.json]
[www.hardifinserv.in/wp-json/oembed/1.0/embed7ae9.json]
[www.hardifinserv.in/calculator/marriage-planner/index.html]
[www.hardifinserv.in/wp-json/oembed/1.0/embed518e]
[www.hardifinserv.in/wp-content/plugins/stm-post-type/theme-options/nuxy/metaboxes/assets/vendors/font-awesome.minf675.css]
[www.hardifinserv.in/wp-content/uploads/stm_uploads/skin-custom003b.css]
[www.hardifinserv.in/wp-json/wp/v2/pages/3559.json]
[www.hardifinserv.in/wp-json/oembed/1.0/embed7c7f.json]
[www.hardifinserv.in/wp-json/oembed/1.0/embeddd5a]
[www.hardifinserv.in/calculator/emi-calculator/index.html]
[www.hardifinserv.in/wp-content/plugins/stm-post-type/theme-options/nuxy/metaboxes/assets/vendors/font-awesome.min551a.css]
[www.hardifinserv.in/wp-content/uploads/stm_uploads/skin-customf984.css]
[www.hardifinserv.in/wp-json/wp/v2/pages/3577.json]
[www.hardifinserv.in/wp-json/oembed/1.0/embed0156.json]
[www.hardifinserv.in/wp-json/oembed/1.0/embed8c1b]
[www.hardifinserv.in/forms/Axis/axis_common.pdf]
[www.hardifinserv.in/forms/Axis/axis_sip.pdf]
[www.hardifinserv.in/forms/Axis/axis_stp.pdf]
[www.hardifinserv.in/forms/Baroda/baroda_common.pdf]
[www.hardifinserv.in/forms/Baroda/baroda_sip.pdf]
[www.hardifinserv.in/forms/Baroda/baroda_stp.pdf]
[www.hardifinserv.in/forms/Birla/birla_common.pdf]
[www.hardifinserv.in/forms/Birla/birla_sip.pdf]
[www.hardifinserv.in/forms/Birla/birla_stp.pdf]
[www.hardifinserv.in/forms/BNP/bnp_common.pdf]
[www.hardifinserv.in/forms/BNP/bnp_sip.pdf]
[www.hardifinserv.in/forms/BNP/bnp_stp.pdf]
[www.hardifinserv.in/forms/BOI_AXA/boi-axa-common.pdf]
[www.hardifinserv.in/forms/BOI_AXA/boi-axa-sip.pdf]
[www.hardifinserv.in/forms/BOI_AXA/boi-axa-stp.pdf]
[www.hardifinserv.in/forms/CANARA/canara_common.pdf]
[www.hardifinserv.in/forms/CANARA/canara_sip.pdf]
[www.hardifinserv.in/forms/CANARA/canara_stp.pdf]
[www.hardifinserv.in/forms/DHFL/dhfl-common.pdf]
[www.hardifinserv.in/forms/DHFL/dhfl-sip.pdf]
[www.hardifinserv.in/forms/DHFL/dhfl-stp.pdf]
[www.hardifinserv.in/forms/DSP/dsp_common.pdf]
[www.hardifinserv.in/forms/DSP/dsp_sip.pdf]
[www.hardifinserv.in/forms/DSP/dsp_stp.pdf]
[www.hardifinserv.in/forms/EDELWEISS/edelweiss_common.pdf]
[www.hardifinserv.in/forms/EDELWEISS/edelweiss_sip.pdf]
[www.hardifinserv.in/forms/EDELWEISS/edelweiss_stp.pdf]
[www.hardifinserv.in/forms/FRANKLIN/franklin_common.pdf]
[www.hardifinserv.in/forms/FRANKLIN/franklin_sip.pdf]
[www.hardifinserv.in/forms/FRANKLIN/franklin_stp.pdf]
[www.hardifinserv.in/forms/HDFC/hdfc_common.pdf]
[www.hardifinserv.in/forms/HDFC/hdfc_sip.pdf]
[www.hardifinserv.in/forms/HDFC/hdfc_stp.pdf]
[www.hardifinserv.in/forms/HSBC/hsbc_common.pdf]
[www.hardifinserv.in/forms/HSBC/hsbc_sip.pdf]
[www.hardifinserv.in/forms/HSBC/hsbc_stp.pdf]
[www.hardifinserv.in/forms/ICICI/icici_common.pdf]
[www.hardifinserv.in/forms/ICICI/icici_sip.pdf]
[www.hardifinserv.in/forms/ICICI/icici_stp.pdf]
[www.hardifinserv.in/forms/IDBI/idbi_common.pdf]
[www.hardifinserv.in/forms/IDBI/idbi_sip.pdf]
[www.hardifinserv.in/forms/IDBI/idbi_stp.pdf]
[www.hardifinserv.in/forms/IDFC/idfc_common.pdf]
[www.hardifinserv.in/forms/IDFC/idfc_sip.pdf]
[www.hardifinserv.in/forms/IDFC/idfc_stp.pdf]
[www.hardifinserv.in/forms/Invesco/invesco-common.pdf]
[www.hardifinserv.in/forms/Invesco/invesco-sip.pdf]
[www.hardifinserv.in/forms/Invesco/invesco-stp.pdf]
[www.hardifinserv.in/forms/JP/jp_common.pdf]
[www.hardifinserv.in/forms/JP/jp_sip.pdf]
[www.hardifinserv.in/forms/JP/jp_stp.pdf]
[www.hardifinserv.in/forms/KOTAK/kotak_common.pdf]
[www.hardifinserv.in/forms/KOTAK/kotak_sip.pdf]
[www.hardifinserv.in/forms/KOTAK/kotak_stp.pdf]
[www.hardifinserv.in/forms/LT/lt_common.pdf]
[www.hardifinserv.in/forms/LT/lt_sip.pdf]
[www.hardifinserv.in/forms/LT/lt_stp.pdf]
[www.hardifinserv.in/forms/MIRAE/mirae_common.pdf]
[www.hardifinserv.in/forms/MIRAE/mirae_sip.pdf]
[www.hardifinserv.in/forms/MIRAE/mirae_stp.pdf]
[www.hardifinserv.in/forms/MOTILAL/motilal_common.pdf]
[www.hardifinserv.in/forms/MOTILAL/motilal_sip.pdf]
[www.hardifinserv.in/forms/MOTILAL/motilal_stp.1d6.delayed]
[www.hardifinserv.in/forms/PEERLESS/peerless_common.pdf]
[www.hardifinserv.in/forms/PEERLESS/peerless_sip.pdf]
[www.hardifinserv.in/forms/PEERLESS/peerless_stp.pdf]
[www.hardifinserv.in/forms/PRINCIPAL/principal_common.pdf]
[www.hardifinserv.in/forms/PRINCIPAL/principal_sip.pdf]
[www.hardifinserv.in/forms/PRINCIPAL/principal_stp.pdf]
[www.hardifinserv.in/forms/QUANTUM/quantum_common.pdf]
[www.hardifinserv.in/forms/QUANTUM/quantum_sip.pdf]
[www.hardifinserv.in/forms/QUANTUM/quantum_stp.pdf]
[www.hardifinserv.in/forms/RELIANCE/reliance_common.pdf]
[www.hardifinserv.in/forms/RELIANCE/reliance_sip.pdf]
[www.hardifinserv.in/forms/RELIANCE/reliance_stp.pdf]
[www.hardifinserv.in/forms/RELIGARE/religare_common.pdf]
[www.hardifinserv.in/forms/RELIGARE/religare_sip.pdf]
[www.hardifinserv.in/forms/RELIGARE/religare_stp.pdf]
[www.hardifinserv.in/forms/SBI/sbi_common.pdf]
[www.hardifinserv.in/forms/SBI/sbi_sip.pdf]
[www.hardifinserv.in/forms/SBI/sbi_stp.pdf]
[www.hardifinserv.in/forms/SUNDARAM/sundaram_common.pdf]
[www.hardifinserv.in/forms/SUNDARAM/sundaram_sip.pdf]
[www.hardifinserv.in/forms/SUNDARAM/sundaram_stp.pdf]
[www.hardifinserv.in/forms/TATA/tata_common.pdf]
[www.hardifinserv.in/forms/TATA/tata_sip.pdf]
[www.hardifinserv.in/forms/TATA/tata_stp.pdf]
[www.hardifinserv.in/forms/TAURUS/taurus_common.pdf]
[www.hardifinserv.in/forms/TAURUS/taurus_sip.pdf]
[www.hardifinserv.in/forms/TAURUS/taurus_stp.pdf]
[www.hardifinserv.in/forms/UTI/uti_common.pdf]
[www.hardifinserv.in/forms/UTI/uti_sip.pdf]
[www.hardifinserv.in/forms/UTI/uti_stp.pdf]
[www.hardifinserv.in/forms/Challan-Form/280.pdf]
[www.hardifinserv.in/forms/Challan-Form/281.pdf]
[www.hardifinserv.in/forms/Challan-Form/282.pdf]
[www.hardifinserv.in/forms/Challan-Form/283.pdf]
[www.hardifinserv.in/forms/Challan-Form/284.pdf]
[www.hardifinserv.in/forms/KYC-Forms/Individual-KYC.pdf]
[www.hardifinserv.in/forms/KYC-Forms/KYC-CHANGE_FORM.pdf]
[www.hardifinserv.in/forms/KYC-Forms/NonIndividual-KYC.pdf]
[www.hardifinserv.in/forms/PAN-forms/PAN49A.pdf]
[www.hardifinserv.in/forms/PAN-forms/PANchangeform.pdf]
[www.hardifinserv.in/forms/TAN-forms/tan_change.pdf]
[www.hardifinserv.in/forms/TAN-forms/tan49B.pdf]
[www.hardifinserv.in/downloads/index.html]
[www.hardifinserv.in/wp-content/plugins/js_composer/assets/lib/vc/vc_tabs/vc-tabs.min3787.js]
[www.hardifinserv.in/wp-content/plugins/stm-post-type/theme-options/nuxy/metaboxes/assets/vendors/font-awesome.minb5e7.css]
[www.hardifinserv.in/wp-content/uploads/stm_uploads/skin-custom3acd.css]
[www.hardifinserv.in/wp-json/wp/v2/pages/3655.json]
[www.hardifinserv.in/wp-json/oembed/1.0/embedfe73.json]
[www.hardifinserv.in/wp-json/oembed/1.0/embedb376]
[www.hardifinserv.in/wp-content/uploads/2019/03/Mutual-Fund-AOF-Account-Opening-Form.pdf]
[www.hardifinserv.in/wp-content/uploads/2019/03/Mutual-Fund-Bank-Bandate-Form.pdf]
[www.hardifinserv.in/wp-content/uploads/2019/03/Common-Transaction-Form-Financial.pdf]
[www.hardifinserv.in/downloads/mf-form/index.html]
[www.hardifinserv.in/wp-content/uploads/2019/03/Common-Transaction-Form-Non-Financial.pdf]
[www.hardifinserv.in/wp-content/plugins/stm-post-type/theme-options/nuxy/metaboxes/assets/vendors/font-awesome.min7286.css]
[www.hardifinserv.in/wp-content/uploads/stm_uploads/skin-custom698a.css]
[www.hardifinserv.in/wp-json/wp/v2/pages/3657.json]
[www.hardifinserv.in/wp-json/oembed/1.0/embed197d.json]
[www.hardifinserv.in/downloads/kyc-fatca-form/index.html]
[www.hardifinserv.in/wp-json/oembed/1.0/embed5712]
[www.hardifinserv.in/wp-content/uploads/stm_uploads/skin-custombdfe.css]
[www.hardifinserv.in/wp-json/wp/v2/pages/3658.json]
[www.hardifinserv.in/wp-json/oembed/1.0/embed4a30.json]
[www.hardifinserv.in/downloads/investor-data-form/index.html]
[www.hardifinserv.in/wp-json/oembed/1.0/embedf85f]
[www.hardifinserv.in/wp-content/uploads/stm_uploads/skin-customd6fc.css]
[www.hardifinserv.in/wp-json/wp/v2/pages/3661.json]
[www.hardifinserv.in/wp-json/oembed/1.0/embed9c9f.json]
[www.hardifinserv.in/wp-json/oembed/1.0/embedfddb]
[www.hardifinserv.in/downloads/client-master-data-form/index.html]
[www.hardifinserv.in/wp-content/plugins/stm-post-type/theme-options/nuxy/metaboxes/assets/vendors/font-awesome.min0cd1.css]
[www.hardifinserv.in/wp-content/uploads/stm_uploads/skin-custom08ac.css]
[www.hardifinserv.in/wp-json/wp/v2/pages/3663.json]
[www.hardifinserv.in/wp-json/oembed/1.0/embed9712.json]
[www.hardifinserv.in/downloads/software/index.html]
[www.hardifinserv.in/wp-json/oembed/1.0/embedc169]
[www.hardifinserv.in/wp-content/plugins/stm-post-type/theme-options/nuxy/metaboxes/assets/vendors/font-awesome.mind377.css]
[www.hardifinserv.in/wp-content/uploads/stm_uploads/skin-custom1fd2.css]
[www.hardifinserv.in/wp-json/wp/v2/pages/3664.json]
[www.hardifinserv.in/wp-json/oembed/1.0/embed2802.json]
[www.hardifinserv.in/wp-json/oembed/1.0/embed763d]
[www.hardifinserv.in/downloads/risk-profiler/index.html]
[www.hardifinserv.in/wp-content/plugins/stm-post-type/theme-options/nuxy/metaboxes/assets/vendors/font-awesome.minb520.css]
[www.hardifinserv.in/wp-content/uploads/stm_uploads/skin-custom36f3.css]
[www.hardifinserv.in/wp-json/wp/v2/pages/11.json]
[www.hardifinserv.in/wp-json/oembed/1.0/embed75a9.json]
[www.hardifinserv.in/contact-us/index.html]
[www.hardifinserv.in/wp-json/oembed/1.0/embedc7e6]
[www.hardifinserv.in/wp-content/plugins/stm-post-type/theme-options/nuxy/metaboxes/assets/vendors/font-awesome.min4d4b.css]
[www.hardifinserv.in/wp-content/uploads/stm_uploads/skin-custom576a.css]
[www.hardifinserv.in/wp-json/wp/v2/pages/3923.json]
[www.hardifinserv.in/wp-json/oembed/1.0/embed0cd1.json]
[www.hardifinserv.in/wp-json/oembed/1.0/embedafd7]
[www.hardifinserv.in/wp-content/uploads/2019/02/grow-money44fb.jpg]
[www.hardifinserv.in/register-new-client/index.html]
[www.hardifinserv.in/wp-content/uploads/stm_uploads/skin-customf416.css]
[www.hardifinserv.in/wp-json/wp/v2/pages/1491.json]
[www.hardifinserv.in/wp-json/oembed/1.0/embed4042.json]
[www.hardifinserv.in/wp-json/oembed/1.0/embed4861]
[www.hardifinserv.in/make-an-appointment/index.html]
[www.hardifinserv.in/wp-content/plugins/revslider/public/assets/fonts/font-awesome/fonts/fontawesome-webfont3e6e.eot]
[www.hardifinserv.in/wp-content/plugins/revslider/public/assets/fonts/font-awesome/fonts/fontawesome-webfontd41d.eot]
[www.hardifinserv.in/wp-content/plugins/revslider/public/assets/fonts/font-awesome/fonts/fontawesome-webfont3e6e.woff2]
[www.hardifinserv.in/wp-content/plugins/revslider/public/assets/fonts/font-awesome/fonts/fontawesome-webfont3e6e.woff]
[www.hardifinserv.in/wp-content/plugins/revslider/public/assets/fonts/font-awesome/fonts/fontawesome-webfont3e6e.ttf]
[www.hardifinserv.in/wp-content/plugins/revslider/public/assets/fonts/font-awesome/css/font-awesome.css]
[www.hardifinserv.in/wp-content/themes/consulting/assets/css/animate.min05da.css]
[www.hardifinserv.in/wp-content/plugins/js_composer/assets/lib/vendor/node_modules/@fortawesome/fontawesome-free/css/v4-shims.min3787.css]
[www.hardifinserv.in/wp-content/plugins/revslider/public/assets/fonts/font-awesome/fonts/fontawesome-webfont3e6e.svg]
[www.hardifinserv.in/wp-content/plugins/js_composer/assets/lib/vendor/node_modules/@fortawesome/fontawesome-free/webfonts/fa-brands-400.woff2]
[www.hardifinserv.in/wp-content/plugins/js_composer/assets/lib/vendor/node_modules/@fortawesome/fontawesome-free/webfonts/fa-brands-400.ttf]
[www.hardifinserv.in/wp-content/plugins/js_composer/assets/lib/vendor/node_modules/@fortawesome/fontawesome-free/webfonts/fa-regular-400.woff2]
[www.hardifinserv.in/wp-content/plugins/js_composer/assets/lib/vendor/node_modules/@fortawesome/fontawesome-free/webfonts/fa-regular-400.ttf]
[www.hardifinserv.in/wp-content/plugins/js_composer/assets/lib/vendor/node_modules/@fortawesome/fontawesome-free/webfonts/fa-solid-900.woff2]
[www.hardifinserv.in/wp-content/plugins/js_composer/assets/lib/vendor/node_modules/@fortawesome/fontawesome-free/webfonts/fa-solid-900.ttf]
[www.hardifinserv.in/wp-content/plugins/js_composer/assets/lib/vendor/node_modules/@fortawesome/fontawesome-free/webfonts/fa-v4compatibility.woff2]
[www.hardifinserv.in/wp-content/plugins/js_composer/assets/lib/vendor/node_modules/@fortawesome/fontawesome-free/webfonts/fa-v4compatibility.ttf]
[www.hardifinserv.in/wp-content/plugins/js_composer/assets/lib/vendor/node_modules/@fortawesome/fontawesome-free/css/all.min3787.css]
[www.hardifinserv.in/wp-content/plugins/js_composer/assets/css/js_composer_tta.min3787.css]
[www.hardifinserv.in/wp-content/themes/consulting/assets/css/slick05da.css]
[www.hardifinserv.in/wp-includes/js/dist/hooks.min4fdd.js]
[www.hardifinserv.in/wp-includes/js/dist/i18n.minc33c.js]
[www.hardifinserv.in/wp-content/plugins/contact-form-7/includes/swv/js/indexfc7a.js]
[www.hardifinserv.in/wp-content/plugins/contact-form-7/includes/js/indexfc7a.js]
[www.hardifinserv.in/Popover requires tooltip.js]
[www.hardifinserv.in/wp-content/themes/consulting/assets/js/bootstrap.min05da.js]
[www.hardifinserv.in/wp-content/themes/consulting/assets/js/select2.min05da.js]
[www.hardifinserv.in/wp-content/themes/consulting/assets/js/custom05da.js]
[www.hardifinserv.in/wp-includes/js/dist/vendor/react.mine1ab.js]
[www.hardifinserv.in/wp-includes/js/dist/vendor/react-dom.mine1ab.js]
[www.hardifinserv.in/wp-includes/js/dist/escape-html.min3a9d.js]
[www.hardifinserv.in/wp-includes/js/dist/element.minfa0f.js]
[www.hardifinserv.in/$&/index.html]
[www.hardifinserv.in/wp-content/plugins/wp-whatsapp-chat/build/frontend/js/index3f00.js]
[www.hardifinserv.in/wp-includes/js/jquery/ui/core.minb37e.js]
[www.hardifinserv.in/wp-content/plugins/popup-maker/assets/js/site.min6ace.js]
[www.hardifinserv.in/ABCDEFGHIJKLMNOPQRSTUVWXYZabcdefghijklmnopqrstuvwxyz0123456789+/index.html]
[apis.google.com/js/plusone.js]
[assets.pinterest.com/js/pinit.js]
[www.hardifinserv.in/wp-content/plugins/js_composer/assets/js/dist/js_composer_front.min3787.js]
[www.hardifinserv.in/GET]
[www.hardifinserv.in/Error pJS - No image.src]
[www.hardifinserv.in/wp-content/themes/consulting/assets/js/particles.min05da.js]
[www.hardifinserv.in/wp-content/plugins/js_composer/assets/lib/vc/vc_accordion/vc-accordion.min3787.js]
[www.hardifinserv.in/wp-content/plugins/js_composer/assets/lib/vc/vc-tta-autoplay/vc-tta-autoplay.min3787.js]
[www.hardifinserv.in/wp-content/themes/consulting/assets/js/slick.min05da.js]
[www.hardifinserv.in/wp-content/uploads/stm_fonts/stm/stm93ff.svg]
[www.hardifinserv.in/wp-content/plugins/revslider/public/assets/fonts/revicons/revicons90c6.svg]
[www.hardifinserv.in/wp-content/plugins/stm-post-type/theme-options/nuxy/metaboxes/assets/webfonts/fa-brands-400.svg]
[www.hardifinserv.in/wp-content/plugins/stm-post-type/theme-options/nuxy/metaboxes/assets/webfonts/fa-regular-400.svg]
[www.hardifinserv.in/wp-content/plugins/stm-post-type/theme-options/nuxy/metaboxes/assets/webfonts/fa-solid-900.svg]
[www.hardifinserv.in/wp-content/themes/consulting/assets/fonts/glyphicons-halflings-regular.svg]
[www.hardifinserv.in/wp-content/themes/consulting/assets/css/images/pattern_3.html]
[www.hardifinserv.in/wp-content/themes/consulting/assets/css/images/pattern_4.html]
[www.hardifinserv.in/wp-content/images/pattern_3.html]
[www.hardifinserv.in/wp-content/images/pattern_4.html]
[www.hardifinserv.in/wp-content/themes/consulting/assets/fonts/fontawesome-webfont3e6e.svg]
[www.hardifinserv.in/wp-content/plugins/js_composer/assets/fonts/vc_icons_v4/fonts/vcpb-plugin-icons7ea9.svg]
[www.hardifinserv.in/wp-content/plugins/js_composer/assets/fonts/vc_grid/vc_grid_v157a1.svg]
[www.hardifinserv.in/images/transparent.html]
[www.hardifinserv.in/assets/transparent.html]
[www.hardifinserv.in/origin=https_/index.html]
[www.hardifinserv.in/index394b.html]
[www.hardifinserv.in/wp-content/plugins/stm-post-type/theme-options/nuxy/metaboxes/assets/vendors/font-awesome.min26a8.css]
[www.hardifinserv.in/wp-content/uploads/stm_uploads/skin-customf635.css]
[www.hardifinserv.in/index4aca.html]
[www.hardifinserv.in/wp-content/plugins/stm-post-type/theme-options/nuxy/metaboxes/assets/vendors/font-awesome.min41e4.css]
[www.hardifinserv.in/wp-content/uploads/stm_uploads/skin-custom5f23.css]
[www.hardifinserv.in/indexb5fb.html]
[www.hardifinserv.in/wp-content/plugins/stm-post-type/theme-options/nuxy/metaboxes/assets/vendors/font-awesome.min631b.css]
[www.hardifinserv.in/wp-content/uploads/stm_uploads/skin-custom0448.css]
[www.hardifinserv.in/indexd526.html]
[www.hardifinserv.in/wp-content/plugins/stm-post-type/theme-options/nuxy/metaboxes/assets/vendors/font-awesome.min393c.css]
[www.hardifinserv.in/wp-content/uploads/stm_uploads/skin-custom79b0.css]
[www.hardifinserv.in/wp-json/oembed/1.0/embedf5d1.json]
[www.hardifinserv.in/wp-json/oembed/1.0/embed0d51]
[www.hardifinserv.in/wp-content/uploads/2016/06/placeholder57fd.gif]
[www.hardifinserv.in/wp-content/uploads/2018/01/Rushabh-New-1-560x364.png]
[www.hardifinserv.in/staff/brandon-copperfield/index.html]
[www.hardifinserv.in/wp-content/plugins/stm-post-type/theme-options/nuxy/metaboxes/assets/vendors/font-awesome.min2ff2.css]
[www.hardifinserv.in/wp-content/uploads/stm_uploads/skin-custom2029.css]
[www.hardifinserv.in/wp-json/oembed/1.0/embedc45c.json]
[www.hardifinserv.in/wp-json/oembed/1.0/embed23b1]
[www.hardifinserv.in/wp-content/uploads/2018/01/Dixit-130219-560x364.png]
[www.hardifinserv.in/staff/clark-roberts/index.html]
[www.hardifinserv.in/wp-content/plugins/stm-post-type/theme-options/nuxy/metaboxes/assets/vendors/font-awesome.min30b7.css]
[www.hardifinserv.in/wp-content/uploads/stm_uploads/skin-custom446c.css]
[www.hardifinserv.in/wp-json/oembed/1.0/embed1571.json]
[www.hardifinserv.in/wp-json/oembed/1.0/embed7511]
[www.hardifinserv.in/wp-content/uploads/2016/06/placeholder-560x364.gif]
[www.hardifinserv.in/staff/ashley-hardy/index.html]
[www.hardifinserv.in/wp-content/plugins/stm-post-type/theme-options/nuxy/metaboxes/assets/vendors/font-awesome.minea78.css]
[www.hardifinserv.in/wp-content/uploads/stm_uploads/skin-custom9c71.css]
[www.hardifinserv.in/indexa012.html]
[www.hardifinserv.in/wp-content/plugins/stm-post-type/theme-options/nuxy/metaboxes/assets/vendors/font-awesome.min38ec.css]
[www.hardifinserv.in/wp-content/uploads/stm_uploads/skin-customb912.css]
[www.hardifinserv.in/indexa7ab.html]
[www.hardifinserv.in/wp-content/plugins/stm-post-type/theme-options/nuxy/metaboxes/assets/vendors/font-awesome.min40e7.css]
[www.hardifinserv.in/wp-content/uploads/stm_uploads/skin-custom90b4.css]
[www.hardifinserv.in/indexea44.html]
[www.hardifinserv.in/wp-content/plugins/stm-post-type/theme-options/nuxy/metaboxes/assets/vendors/font-awesome.minb498.css]
[www.hardifinserv.in/wp-content/uploads/stm_uploads/skin-custom4994.css]
[www.hardifinserv.in/index8043.html]
[www.hardifinserv.in/indexe6cc.html]
[www.hardifinserv.in/wp-content/uploads/stm_uploads/skin-customdd97.css]
[www.hardifinserv.in/index1062.html]
[www.hardifinserv.in/indexc0c7.html]
[www.hardifinserv.in/wp-content/uploads/stm_uploads/skin-custome3e7.css]
[www.hardifinserv.in/index5789.html]
[www.hardifinserv.in/index17f5.html]
[www.hardifinserv.in/wp-content/plugins/stm-post-type/theme-options/nuxy/metaboxes/assets/vendors/font-awesome.min46d0.css]
[www.hardifinserv.in/wp-content/uploads/stm_uploads/skin-customd48d.css]
[www.hardifinserv.in/index0659.html]
[www.hardifinserv.in/wp-content/plugins/stm-post-type/theme-options/nuxy/metaboxes/assets/vendors/font-awesome.min6dfc.css]
[www.hardifinserv.in/wp-content/uploads/stm_uploads/skin-customb206.css]
[www.hardifinserv.in/indexb80b.html]
[www.hardifinserv.in/indexa326.html]
[www.hardifinserv.in/wp-content/plugins/js_composer/assets/lib/vendor/node_modules/animate.css/animate.min3787.css]
[www.hardifinserv.in/wp-content/plugins/js_composer/assets/lib/vc/vc_waypoints/vc-waypoints.min3787.js]
[www.hardifinserv.in/wp-content/plugins/stm-post-type/theme-options/nuxy/metaboxes/assets/vendors/font-awesome.minb325.css]
[www.hardifinserv.in/wp-content/uploads/stm_uploads/skin-customfe6d.css]
[www.hardifinserv.in/index8ab7.html]
[www.hardifinserv.in/indexaac3.html]
[www.hardifinserv.in/wp-content/plugins/stm-post-type/theme-options/nuxy/metaboxes/assets/vendors/font-awesome.min7e03.css]
[www.hardifinserv.in/wp-content/uploads/stm_uploads/skin-custom7f1d.css]
[www.hardifinserv.in/index260c.html]
[www.hardifinserv.in/index0e06.html]
[www.hardifinserv.in/wp-content/plugins/stm-post-type/theme-options/nuxy/metaboxes/assets/vendors/font-awesome.minf15b.css]
[www.hardifinserv.in/wp-content/uploads/stm_uploads/skin-custom6884.css]
[www.hardifinserv.in/indexe457.html]
[www.hardifinserv.in/index12ca.html]
[www.hardifinserv.in/wp-content/plugins/stm-post-type/theme-options/nuxy/metaboxes/assets/vendors/font-awesome.min396c.css]
[www.hardifinserv.in/wp-content/uploads/stm_uploads/skin-custom8c02.css]
[www.hardifinserv.in/index3fa2.html]
[www.hardifinserv.in/index9ec1.html]
[www.hardifinserv.in/wp-content/plugins/stm-post-type/theme-options/nuxy/metaboxes/assets/vendors/font-awesome.min9316.css]
[www.hardifinserv.in/wp-content/uploads/stm_uploads/skin-custom878b.css]
[www.hardifinserv.in/index87d9.html]
[www.hardifinserv.in/wp-content/plugins/stm-post-type/theme-options/nuxy/metaboxes/assets/vendors/font-awesome.min2e4f.css]
[www.hardifinserv.in/wp-content/uploads/stm_uploads/skin-customf0f7.css]
[www.hardifinserv.in/indexe0fc.html]
[www.hardifinserv.in/index3d0a.html]
[www.hardifinserv.in/wp-content/plugins/stm-post-type/theme-options/nuxy/metaboxes/assets/vendors/font-awesome.minca21.css]
[www.hardifinserv.in/wp-content/uploads/stm_uploads/skin-custom592b.css]
[www.hardifinserv.in/index7999.html]
[www.hardifinserv.in/wp-content/plugins/stm-post-type/theme-options/nuxy/metaboxes/assets/vendors/font-awesome.min0920.css]
[www.hardifinserv.in/wp-content/uploads/stm_uploads/skin-custom8aae.css]
[www.hardifinserv.in/index193e.html]
[www.hardifinserv.in/wp-content/plugins/stm-post-type/theme-options/nuxy/metaboxes/assets/vendors/font-awesome.min66aa.css]
[www.hardifinserv.in/wp-content/uploads/stm_uploads/skin-customf00a.css]
[www.hardifinserv.in/indexf719.html]
[www.hardifinserv.in/wp-content/plugins/stm-post-type/theme-options/nuxy/metaboxes/assets/vendors/font-awesome.min8502.css]
[www.hardifinserv.in/wp-content/uploads/stm_uploads/skin-customf4d4.css]
[www.hardifinserv.in/index218e.html]
[www.hardifinserv.in/wp-content/plugins/stm-post-type/theme-options/nuxy/metaboxes/assets/vendors/font-awesome.minbb3d.css]
[www.hardifinserv.in/wp-content/uploads/stm_uploads/skin-customaa3e.css]
[www.hardifinserv.in/index3e13.html]
[www.hardifinserv.in/wp-content/plugins/stm-post-type/theme-options/nuxy/metaboxes/assets/vendors/font-awesome.minfd48.css]
[www.hardifinserv.in/wp-content/uploads/stm_uploads/skin-custom17c9.css]
[www.hardifinserv.in/index62bf.html]
[www.hardifinserv.in/index4933.html]
[www.hardifinserv.in/wp-content/plugins/stm-post-type/theme-options/nuxy/metaboxes/assets/vendors/font-awesome.min99b5.css]
[www.hardifinserv.in/wp-content/uploads/stm_uploads/skin-customc56e.css]
[www.hardifinserv.in/indexef2f.html]
[www.hardifinserv.in/indexcbb2.html]
[www.hardifinserv.in/index1d6c.html]
[www.hardifinserv.in/wp-content/plugins/stm-post-type/theme-options/nuxy/metaboxes/assets/vendors/font-awesome.min9934.css]
[www.hardifinserv.in/insurance-investment/feed/index.html]
[www.hardifinserv.in/wp-content/uploads/stm_uploads/skin-custom8c8e.css]
[www.hardifinserv.in/wp-json/wp/v2/posts/1.json]
[www.hardifinserv.in/wp-json/oembed/1.0/embed08b3.json]
[www.hardifinserv.in/wp-json/oembed/1.0/embed6880]
[www.hardifinserv.in/wp-content/uploads/2020/03/વીમો-અથવા-રોકાણ-150x150.png]
[www.hardifinserv.in/wp-includes/js/comment-reply.min0899.js]
[www.hardifinserv.in/insurance-investment/index.html]
[www.hardifinserv.in/wp-content/uploads/stm_uploads/skin-customedf8.css]
[www.hardifinserv.in/harvest-great-ideas-from-your-companys-best-assets/feed/index.html]
[www.hardifinserv.in/wp-json/wp/v2/posts/135.json]
[www.hardifinserv.in/wp-json/oembed/1.0/embed38e3.json]
[www.hardifinserv.in/wp-json/oembed/1.0/embedbe66]
[www.hardifinserv.in/wp-content/uploads/2016/06/placeholder-1024x683.gif]
[www.hardifinserv.in/wp-content/uploads/2016/06/placeholder-75x75.gif]
[www.hardifinserv.in/wp-content/plugins/js_composer/assets/lib/vendor/prettyphoto/css/prettyPhoto.min3787.css]
[www.hardifinserv.in/wp-content/plugins/js_composer/assets/lib/vendor/node_modules/isotope-layout/dist/isotope.pkgd.min3787.js]
[www.hardifinserv.in/wp-content/plugins/js_composer/assets/lib/vendor/prettyphoto/js/jquery.prettyPhoto.min3787.js]
[www.hardifinserv.in/harvest-great-ideas-from-your-companys-best-assets/index.html]
[www.hardifinserv.in/wp-content/plugins/stm-post-type/theme-options/nuxy/metaboxes/assets/vendors/font-awesome.mind66d.css]
[www.hardifinserv.in/tag/401k/index.html]
[www.hardifinserv.in/tag/online-services/index.html]
[www.hardifinserv.in/tag/portfolios/index.html]
[www.hardifinserv.in/wp-content/uploads/stm_uploads/skin-custom58aa.css]
[www.hardifinserv.in/tag/advisors/index.html]
[www.hardifinserv.in/tag/benchmarks/index.html]
[www.hardifinserv.in/tag/consulting/index.html]
[www.hardifinserv.in/wp-json/wp/v2/posts/133.json]
[www.hardifinserv.in/tag/finance/index.html]
[www.hardifinserv.in/wp-json/oembed/1.0/embed3159.json]
[www.hardifinserv.in/tag/ideas/index.html]
[www.hardifinserv.in/tag/market/index.html]
[www.hardifinserv.in/wp-json/oembed/1.0/embede98a]
[www.hardifinserv.in/three-social-media-hacks-for-the-busy-entrepreneur/index.html]
[www.hardifinserv.in/tag/planning/index.html]
[www.hardifinserv.in/tag/millenials/index.html]
[www.hardifinserv.in/wp-content/uploads/stm_uploads/skin-custom374f.css]
[www.hardifinserv.in/tag/tips/index.html]
[www.hardifinserv.in/wp-json/wp/v2/posts/131.json]
[www.hardifinserv.in/wp-json/oembed/1.0/embed4edd.json]
[www.hardifinserv.in/three-social-media-hacks-for-the-busy-entrepreneur/feed/index.html]
[www.hardifinserv.in/stick-with-your-concept-but-do-your-homework/feed/index.html]
[www.hardifinserv.in/wp-json/oembed/1.0/embedcc12]
[www.hardifinserv.in/stick-with-your-concept-but-do-your-homework/index.html]
[www.hardifinserv.in/wp-content/uploads/stm_uploads/skin-customaa53.css]
[www.hardifinserv.in/wp-json/wp/v2/posts/1076.json]
[www.hardifinserv.in/narrow-your-focus-to-prevent-overanalysis/feed/index.html]
[www.hardifinserv.in/wp-json/oembed/1.0/embed1d15.json]
[www.hardifinserv.in/narrow-your-focus-to-prevent-overanalysis/index.html]
[www.hardifinserv.in/wp-json/oembed/1.0/embed057f]
[www.hardifinserv.in/wp-content/plugins/stm-post-type/theme-options/nuxy/metaboxes/assets/vendors/font-awesome.min66cd.css]
[www.hardifinserv.in/2020/03/index.html]
[www.hardifinserv.in/wp-content/uploads/stm_uploads/skin-customddd8.css]
[www.hardifinserv.in/2015/12/index.html]
[www.hardifinserv.in/wp-content/uploads/stm_uploads/skin-customa4ce.css]
[www.hardifinserv.in/wp-content/plugins/stm-post-type/theme-options/nuxy/metaboxes/assets/vendors/font-awesome.min4566.css]
[www.hardifinserv.in/category/competitive-research-analysis/feed/index.html]
[www.hardifinserv.in/wp-content/uploads/stm_uploads/skin-custom9b33.css]
[www.hardifinserv.in/wp-json/wp/v2/categories/19.json]
[www.hardifinserv.in/category/competitive-research-analysis/index.html]
[www.hardifinserv.in/category/economics/feed/index.html]
[www.hardifinserv.in/wp-json/wp/v2/categories/20.json]
[www.hardifinserv.in/category/economics/index.html]
[www.hardifinserv.in/wp-json/wp/v2/categories/24.json]
[www.hardifinserv.in/category/franchising/index.html]
[www.hardifinserv.in/wp-content/plugins/stm-post-type/theme-options/nuxy/metaboxes/assets/vendors/font-awesome.min0722.css]
[www.hardifinserv.in/category/franchising/feed/index.html]
[www.hardifinserv.in/category/blog/gujarati/feed/index.html]
[www.hardifinserv.in/wp-content/uploads/stm_uploads/skin-customb673.css]
[www.hardifinserv.in/wp-json/wp/v2/categories/120.json]
[www.hardifinserv.in/category/blog/gujarati/index.html]
[www.hardifinserv.in/wp-content/plugins/stm-post-type/theme-options/nuxy/metaboxes/assets/vendors/font-awesome.minb2d6.css]
[www.hardifinserv.in/category/innovation/feed/index.html]
[www.hardifinserv.in/wp-content/uploads/stm_uploads/skin-custom2268.css]
[www.hardifinserv.in/wp-json/wp/v2/categories/28.json]
[www.hardifinserv.in/category/innovation/index.html]
[www.hardifinserv.in/wp-includes/css/dashicons.min0899.css]
[www.hardifinserv.in/wp-includes/css/buttons.min0899.css]
[www.hardifinserv.in/wp-admin/css/forms.min0899.css]
[www.hardifinserv.in/wp-admin/css/l10n.min0899.css]
[www.hardifinserv.in/wp-admin/css/login.min0899.css]
[www.hardifinserv.in/wp-loginc2b6.html]
[www.hardifinserv.in/wp-includes/js/clipboard.min3c89.js]
[www.hardifinserv.in/wp-includes/js/zxcvbn-async.min5152.js]
[www.hardifinserv.in/wp-admin/js/password-strength-meter.min0899.js]
[www.hardifinserv.in/wp-includes/js/underscore.min3ab8.js]
[www.hardifinserv.in/wp-includes/js/wp-util.min0899.js]
[www.hardifinserv.in/wp-includes/js/dist/dom-ready.min5346.js]
[www.hardifinserv.in/wp-includes/js/dist/a11y.min3f73.js]
[www.hardifinserv.in/wp-login.html]
[www.hardifinserv.in/wp-admin/js/user-profile.min0899.js]
[www.hardifinserv.in/wp-content/plugins/stm-post-type/theme-options/nuxy/metaboxes/assets/vendors/font-awesome.min4a69.css]
[www.hardifinserv.in/wp-content/uploads/stm_uploads/skin-custom55c0.css]
[www.hardifinserv.in/index9303.html]
[www.hardifinserv.in/index7b7b.html]
[www.hardifinserv.in/wp-content/uploads/stm_uploads/skin-custom9aa2.css]
[www.hardifinserv.in/indexd9c5.html]
[www.hardifinserv.in/indexe4dd.html]
[www.hardifinserv.in/wp-content/plugins/stm-post-type/theme-options/nuxy/metaboxes/assets/vendors/font-awesome.min606b.css]
[www.hardifinserv.in/wp-content/uploads/stm_uploads/skin-custom3cf2.css]
[www.hardifinserv.in/index35dc.html]
[www.hardifinserv.in/wp-content/plugins/stm-post-type/theme-options/nuxy/metaboxes/assets/vendors/font-awesome.minf37d.css]
[www.hardifinserv.in/wp-content/uploads/stm_uploads/skin-custom7def.css]
[www.hardifinserv.in/indexa272.html]
[www.hardifinserv.in/wp-content/plugins/stm-post-type/theme-options/nuxy/metaboxes/assets/vendors/font-awesome.mine137.css]
[www.hardifinserv.in/wp-content/uploads/stm_uploads/skin-custom06ac.css]
[www.hardifinserv.in/index127c.html]
[www.hardifinserv.in/wp-content/plugins/stm-post-type/theme-options/nuxy/metaboxes/assets/vendors/font-awesome.min3abe.css]
[www.hardifinserv.in/wp-content/uploads/stm_uploads/skin-custom5aca.css]
[www.hardifinserv.in/index8537.html]
[www.hardifinserv.in/wp-content/plugins/stm-post-type/theme-options/nuxy/metaboxes/assets/vendors/font-awesome.min6238.css]
[www.hardifinserv.in/wp-content/uploads/stm_uploads/skin-custom2d89.css]
[www.hardifinserv.in/indexd0dc.html]
[www.hardifinserv.in/wp-content/plugins/stm-post-type/theme-options/nuxy/metaboxes/assets/vendors/font-awesome.min8bc9.css]
[www.hardifinserv.in/wp-content/uploads/stm_uploads/skin-customa0e8.css]
[www.hardifinserv.in/index8995.html]
[www.hardifinserv.in/wp-content/plugins/stm-post-type/theme-options/nuxy/metaboxes/assets/vendors/font-awesome.mine7b8.css]
[www.hardifinserv.in/wp-content/uploads/stm_uploads/skin-custom6948.css]
[www.hardifinserv.in/index53ed.html]
[www.hardifinserv.in/wp-content/plugins/stm-post-type/theme-options/nuxy/metaboxes/assets/vendors/font-awesome.minbf42.css]
[www.hardifinserv.in/wp-content/uploads/stm_uploads/skin-customd446.css]
[www.hardifinserv.in/index4b65.html]
[www.hardifinserv.in/wp-content/plugins/stm-post-type/theme-options/nuxy/metaboxes/assets/vendors/font-awesome.mind006.css]
[www.hardifinserv.in/wp-content/uploads/stm_uploads/skin-customb997.css]
[www.hardifinserv.in/index4f27.html]
[www.hardifinserv.in/index5399.html]
[www.hardifinserv.in/wp-content/plugins/stm-post-type/theme-options/nuxy/metaboxes/assets/vendors/font-awesome.min97ee.css]
[www.hardifinserv.in/wp-content/uploads/stm_uploads/skin-custombb8f.css]
[www.hardifinserv.in/index1385.html]
[www.hardifinserv.in/index27d6.html]
[www.hardifinserv.in/wp-content/plugins/stm-post-type/theme-options/nuxy/metaboxes/assets/vendors/font-awesome.min75a2.css]
[www.hardifinserv.in/wp-content/uploads/stm_uploads/skin-custom57dc.css]
[www.hardifinserv.in/indexb325.html]
[www.hardifinserv.in/indexeaa9.html]
[www.hardifinserv.in/wp-content/uploads/stm_uploads/skin-custom02c3.css]
[www.hardifinserv.in/indexc8e2.html]
[www.hardifinserv.in/index7872.html]
[www.hardifinserv.in/wp-content/plugins/stm-post-type/theme-options/nuxy/metaboxes/assets/vendors/font-awesome.minf675.css]
[www.hardifinserv.in/wp-content/uploads/stm_uploads/skin-custom003b.css]
[www.hardifinserv.in/index2b52.html]
[www.hardifinserv.in/index15de.html]
[www.hardifinserv.in/wp-content/plugins/stm-post-type/theme-options/nuxy/metaboxes/assets/vendors/font-awesome.min551a.css]
[www.hardifinserv.in/wp-content/uploads/stm_uploads/skin-customf984.css]
[www.hardifinserv.in/indexab8d.html]
[www.hardifinserv.in/index31d7.html]
[www.hardifinserv.in/forms/Axis/axis_common.html]
[www.hardifinserv.in/forms/Axis/axis_sip.html]
[www.hardifinserv.in/forms/Axis/axis_stp.html]
[www.hardifinserv.in/forms/Baroda/baroda_common.html]
[www.hardifinserv.in/forms/Baroda/baroda_sip.html]
[www.hardifinserv.in/forms/Baroda/baroda_stp.html]
[www.hardifinserv.in/forms/Birla/birla_common.html]
[www.hardifinserv.in/forms/Birla/birla_sip.html]
[www.hardifinserv.in/forms/Birla/birla_stp.html]
[www.hardifinserv.in/forms/BNP/bnp_common.html]
[www.hardifinserv.in/forms/BNP/bnp_sip.html]
[www.hardifinserv.in/forms/BNP/bnp_stp.html]
[www.hardifinserv.in/forms/BOI_AXA/boi-axa-common.html]
[www.hardifinserv.in/forms/BOI_AXA/boi-axa-sip.html]
[www.hardifinserv.in/forms/BOI_AXA/boi-axa-stp.html]
[www.hardifinserv.in/forms/CANARA/canara_common.html]
[www.hardifinserv.in/forms/CANARA/canara_sip.html]
[www.hardifinserv.in/forms/CANARA/canara_stp.html]
[www.hardifinserv.in/forms/DHFL/dhfl-common.html]
[www.hardifinserv.in/forms/DHFL/dhfl-sip.html]
[www.hardifinserv.in/forms/DHFL/dhfl-stp.html]
[www.hardifinserv.in/forms/DSP/dsp_common.html]
[www.hardifinserv.in/forms/DSP/dsp_sip.html]
[www.hardifinserv.in/forms/DSP/dsp_stp.html]
[www.hardifinserv.in/forms/EDELWEISS/edelweiss_common.html]
[www.hardifinserv.in/forms/EDELWEISS/edelweiss_sip.html]
[www.hardifinserv.in/forms/EDELWEISS/edelweiss_stp.html]
[www.hardifinserv.in/forms/FRANKLIN/franklin_common.html]
[www.hardifinserv.in/forms/FRANKLIN/franklin_sip.html]
[www.hardifinserv.in/forms/FRANKLIN/franklin_stp.html]
[www.hardifinserv.in/forms/HDFC/hdfc_common.html]
[www.hardifinserv.in/forms/HDFC/hdfc_sip.html]
[www.hardifinserv.in/forms/HDFC/hdfc_stp.html]
[www.hardifinserv.in/forms/HSBC/hsbc_common.html]
[www.hardifinserv.in/forms/HSBC/hsbc_sip.html]
[www.hardifinserv.in/forms/HSBC/hsbc_stp.html]
[www.hardifinserv.in/forms/ICICI/icici_common.html]
[www.hardifinserv.in/forms/ICICI/icici_sip.html]
[www.hardifinserv.in/forms/ICICI/icici_stp.html]
[www.hardifinserv.in/forms/IDBI/idbi_common.html]
[www.hardifinserv.in/forms/IDBI/idbi_sip.html]
[www.hardifinserv.in/forms/IDBI/idbi_stp.html]
[www.hardifinserv.in/forms/IDFC/idfc_common.html]
[www.hardifinserv.in/forms/IDFC/idfc_sip.html]
[www.hardifinserv.in/forms/IDFC/idfc_stp.html]
[www.hardifinserv.in/forms/Invesco/invesco-common.html]
[www.hardifinserv.in/forms/Invesco/invesco-sip.html]
[www.hardifinserv.in/forms/Invesco/invesco-stp.html]
[www.hardifinserv.in/forms/JP/jp_common.html]
[www.hardifinserv.in/forms/JP/jp_sip.html]
[www.hardifinserv.in/forms/JP/jp_stp.html]
[www.hardifinserv.in/forms/KOTAK/kotak_common.html]
[www.hardifinserv.in/forms/KOTAK/kotak_sip.html]
[www.hardifinserv.in/forms/KOTAK/kotak_stp.html]
[www.hardifinserv.in/forms/LT/lt_common.html]
[www.hardifinserv.in/forms/LT/lt_sip.html]
[www.hardifinserv.in/forms/LT/lt_stp.html]
[www.hardifinserv.in/forms/MIRAE/mirae_common.html]
[www.hardifinserv.in/forms/MIRAE/mirae_sip.html]
[www.hardifinserv.in/forms/MIRAE/mirae_stp.html]
[www.hardifinserv.in/forms/MOTILAL/motilal_common.html]
[www.hardifinserv.in/forms/MOTILAL/motilal_sip.html]
[www.hardifinserv.in/forms/MOTILAL/motilal_stp.html]
[www.hardifinserv.in/forms/PEERLESS/peerless_common.html]
[www.hardifinserv.in/forms/PEERLESS/peerless_sip.html]
[www.hardifinserv.in/forms/PEERLESS/peerless_stp.html]
[www.hardifinserv.in/forms/PRINCIPAL/principal_common.html]
[www.hardifinserv.in/forms/PRINCIPAL/principal_sip.html]
[www.hardifinserv.in/forms/PRINCIPAL/principal_stp.html]
[www.hardifinserv.in/forms/QUANTUM/quantum_common.html]
[www.hardifinserv.in/forms/QUANTUM/quantum_sip.html]
[www.hardifinserv.in/forms/QUANTUM/quantum_stp.html]
[www.hardifinserv.in/forms/RELIANCE/reliance_common.html]
[www.hardifinserv.in/forms/RELIANCE/reliance_sip.html]
[www.hardifinserv.in/forms/RELIANCE/reliance_stp.html]
[www.hardifinserv.in/forms/RELIGARE/religare_common.html]
[www.hardifinserv.in/forms/RELIGARE/religare_sip.html]
[www.hardifinserv.in/forms/RELIGARE/religare_stp.html]
[www.hardifinserv.in/forms/SBI/sbi_common.html]
[www.hardifinserv.in/forms/SBI/sbi_sip.html]
[www.hardifinserv.in/forms/SBI/sbi_stp.html]
[www.hardifinserv.in/forms/SUNDARAM/sundaram_common.html]
[www.hardifinserv.in/forms/SUNDARAM/sundaram_sip.html]
[www.hardifinserv.in/forms/SUNDARAM/sundaram_stp.html]
[www.hardifinserv.in/forms/TATA/tata_common.html]
[www.hardifinserv.in/forms/TATA/tata_sip.html]
[www.hardifinserv.in/forms/TATA/tata_stp.html]
[www.hardifinserv.in/forms/TAURUS/taurus_common.html]
[www.hardifinserv.in/forms/TAURUS/taurus_sip.html]
[www.hardifinserv.in/forms/TAURUS/taurus_stp.html]
[www.hardifinserv.in/forms/UTI/uti_common.html]
[www.hardifinserv.in/forms/UTI/uti_sip.html]
[www.hardifinserv.in/forms/UTI/uti_stp.html]
[www.hardifinserv.in/forms/Challan-Form/280.html]
[www.hardifinserv.in/forms/Challan-Form/281.html]
[www.hardifinserv.in/forms/Challan-Form/282.html]
[www.hardifinserv.in/forms/Challan-Form/283.html]
[www.hardifinserv.in/forms/Challan-Form/284.html]
[www.hardifinserv.in/forms/KYC-Forms/Individual-KYC.html]
[www.hardifinserv.in/forms/KYC-Forms/KYC-CHANGE_FORM.html]
[www.hardifinserv.in/forms/KYC-Forms/NonIndividual-KYC.html]
[www.hardifinserv.in/forms/PAN-forms/PAN49A.html]
[www.hardifinserv.in/forms/PAN-forms/PANchangeform.html]
[www.hardifinserv.in/forms/TAN-forms/tan_change.html]
[www.hardifinserv.in/forms/TAN-forms/tan49B.html]
[www.hardifinserv.in/wp-content/plugins/js_composer/assets/lib/vc/vc_tabs/vc-tabs.min3787.js]
[www.hardifinserv.in/wp-content/plugins/stm-post-type/theme-options/nuxy/metaboxes/assets/vendors/font-awesome.minb5e7.css]
[www.hardifinserv.in/wp-content/uploads/stm_uploads/skin-custom3acd.css]
[www.hardifinserv.in/index2af3.html]
[www.hardifinserv.in/wp-content/plugins/stm-post-type/theme-options/nuxy/metaboxes/assets/vendors/font-awesome.min7286.css]
[www.hardifinserv.in/wp-content/uploads/stm_uploads/skin-custom698a.css]
[www.hardifinserv.in/index73c0.html]
[www.hardifinserv.in/index5b31.html]
[www.hardifinserv.in/wp-content/uploads/stm_uploads/skin-custombdfe.css]
[www.hardifinserv.in/index87ec.html]
[www.hardifinserv.in/indexad62.html]
[www.hardifinserv.in/wp-content/uploads/stm_uploads/skin-customd6fc.css]
[www.hardifinserv.in/indexdc45.html]
[www.hardifinserv.in/indexe296.html]
[www.hardifinserv.in/wp-content/plugins/stm-post-type/theme-options/nuxy/metaboxes/assets/vendors/font-awesome.min0cd1.css]
[www.hardifinserv.in/wp-content/uploads/stm_uploads/skin-custom08ac.css]
[www.hardifinserv.in/index93e5.html]
[www.hardifinserv.in/wp-content/plugins/stm-post-type/theme-options/nuxy/metaboxes/assets/vendors/font-awesome.mind377.css]
[www.hardifinserv.in/wp-content/uploads/stm_uploads/skin-custom1fd2.css]
[www.hardifinserv.in/indexcaf5.html]
[www.hardifinserv.in/index96c1.html]
[www.hardifinserv.in/wp-content/plugins/stm-post-type/theme-options/nuxy/metaboxes/assets/vendors/font-awesome.minb520.css]
[www.hardifinserv.in/wp-content/uploads/stm_uploads/skin-custom36f3.css]
[www.hardifinserv.in/index5757.html]
[www.hardifinserv.in/wp-content/plugins/stm-post-type/theme-options/nuxy/metaboxes/assets/vendors/font-awesome.min4d4b.css]
[www.hardifinserv.in/wp-content/uploads/stm_uploads/skin-custom576a.css]
[www.hardifinserv.in/index46d3.html]
[www.hardifinserv.in/index0f33.html]
[www.hardifinserv.in/wp-content/uploads/stm_uploads/skin-customf416.css]
[www.hardifinserv.in/index17f1.html]
[www.hardifinserv.in/index4691.html]
[www.hardifinserv.in/wp-content/plugins/revslider/public/assets/fonts/font-awesome/fonts/fontawesome-webfont3e6e.svg]
[www.hardifinserv.in/wp-content/plugins/js_composer/assets/lib/vendor/node_modules/@fortawesome/fontawesome-free/webfonts/fa-v4compatibility.html]
[www.hardifinserv.in/wp-content/plugins/js_composer/assets/lib/vendor/node_modules/@fortawesome/fontawesome-free/webfonts/fa-v4compatibility-2.html]
[www.hardifinserv.in/Popover requires tooltip.html]
[www.hardifinserv.in/$&/index.html]
[www.hardifinserv.in/ABCDEFGHIJKLMNOPQRSTUVWXYZabcdefghijklmnopqrstuvwxyz0123456789+/index.html]
[www.hardifinserv.in/GET.html]
[www.hardifinserv.in/Error pJS - No image.html]
[www.hardifinserv.in/index4d3b.html]
[www.hardifinserv.in/wp-content/plugins/stm-post-type/theme-options/nuxy/metaboxes/assets/vendors/font-awesome.min393c.css]
[www.hardifinserv.in/wp-content/uploads/stm_uploads/skin-custom79b0.css]
[www.hardifinserv.in/indexfe24.html]
[www.hardifinserv.in/wp-content/plugins/stm-post-type/theme-options/nuxy/metaboxes/assets/vendors/font-awesome.min2ff2.css]
[www.hardifinserv.in/wp-content/uploads/stm_uploads/skin-custom2029.css]
[www.hardifinserv.in/indexb3e1.html]
[www.hardifinserv.in/wp-content/plugins/stm-post-type/theme-options/nuxy/metaboxes/assets/vendors/font-awesome.min30b7.css]
[www.hardifinserv.in/wp-content/uploads/stm_uploads/skin-custom446c.css]
[www.hardifinserv.in/index6595.html]
[www.hardifinserv.in/index864c.html]
[www.hardifinserv.in/index6dd4.html]
[www.hardifinserv.in/indexa20e.html]
[www.hardifinserv.in/indexd224.html]
[www.hardifinserv.in/index3af0.html]
[www.hardifinserv.in/indexc67d.html]
[www.hardifinserv.in/indexd43a.html]
[www.hardifinserv.in/index3761.html]
[www.hardifinserv.in/index7169.html]
[www.hardifinserv.in/index084a.html]
[www.hardifinserv.in/indexf5fe.html]
[www.hardifinserv.in/indexc1bb.html]
[www.hardifinserv.in/indexed56.html]
[www.hardifinserv.in/wp-content/plugins/stm-post-type/theme-options/nuxy/metaboxes/assets/vendors/font-awesome.min9934.css]
[www.hardifinserv.in/wp-content/uploads/stm_uploads/skin-custom8c8e.css]
[www.hardifinserv.in/indexcff1.html]
[www.hardifinserv.in/indexf1fd.html]
[www.hardifinserv.in/wp-content/uploads/2020/03/વીમો-અથવા-રોકાણ-150x150.html]
[www.hardifinserv.in/wp-includes/js/comment-reply.min0899.js]
[www.hardifinserv.in/wp-content/uploads/stm_uploads/skin-customedf8.css]
[www.hardifinserv.in/index86fa.html]
[www.hardifinserv.in/index54c7.html]
[www.hardifinserv.in/wp-content/plugins/stm-post-type/theme-options/nuxy/metaboxes/assets/vendors/font-awesome.mina956.css]
[www.hardifinserv.in/wp-content/uploads/stm_uploads/skin-customb74c.css]
[www.hardifinserv.in/wp-json/wp/v2/tags/30.json]
[www.hardifinserv.in/tag/401k/index.html]
[www.hardifinserv.in/tag/online-services/feed/index.html]
[www.hardifinserv.in/wp-content/uploads/stm_uploads/skin-customd1ed.css]
[www.hardifinserv.in/tag/401k/feed/index.html]
[www.hardifinserv.in/wp-json/wp/v2/tags/45.json]
[www.hardifinserv.in/tag/online-services/index.html]
[www.hardifinserv.in/wp-content/plugins/stm-post-type/theme-options/nuxy/metaboxes/assets/vendors/font-awesome.minfe8d.css]
[www.hardifinserv.in/tag/portfolios/feed/index.html]
[www.hardifinserv.in/wp-content/uploads/stm_uploads/skin-custom3518.css]
[www.hardifinserv.in/wp-json/wp/v2/tags/51.json]
[www.hardifinserv.in/tag/portfolios/index.html]
[www.hardifinserv.in/tag/advisors/feed/index.html]
[www.hardifinserv.in/wp-content/uploads/stm_uploads/skin-custom04b0.css]
[www.hardifinserv.in/wp-json/wp/v2/tags/33.json]
[www.hardifinserv.in/tag/advisors/index.html]
[www.hardifinserv.in/tag/benchmarks/feed/index.html]
[www.hardifinserv.in/wp-content/uploads/stm_uploads/skin-custom7e01.css]
[www.hardifinserv.in/wp-json/wp/v2/tags/34.json]
[www.hardifinserv.in/tag/benchmarks/index.html]
[www.hardifinserv.in/tag/consulting/feed/index.html]
[www.hardifinserv.in/wp-content/uploads/stm_uploads/skin-custome616.css]
[www.hardifinserv.in/wp-json/wp/v2/tags/35.json]
[www.hardifinserv.in/tag/consulting/index.html]
[www.hardifinserv.in/wp-content/plugins/stm-post-type/theme-options/nuxy/metaboxes/assets/vendors/font-awesome.mine8be.css]
[www.hardifinserv.in/tag/finance/feed/index.html]
[www.hardifinserv.in/wp-content/uploads/stm_uploads/skin-custom818f.css]
[www.hardifinserv.in/wp-json/wp/v2/tags/38.json]
[www.hardifinserv.in/tag/finance/index.html]
[www.hardifinserv.in/wp-content/uploads/stm_uploads/skin-custom2782.css]
[www.hardifinserv.in/tag/ideas/feed/index.html]
[www.hardifinserv.in/wp-json/wp/v2/tags/41.json]
[www.hardifinserv.in/tag/ideas/index.html]
[www.hardifinserv.in/tag/market/feed/index.html]
[www.hardifinserv.in/wp-content/uploads/stm_uploads/skin-customd3d7.css]
[www.hardifinserv.in/wp-json/wp/v2/tags/43.json]
[www.hardifinserv.in/tag/market/index.html]
[www.hardifinserv.in/wp-content/plugins/stm-post-type/theme-options/nuxy/metaboxes/assets/vendors/font-awesome.mind167.css]
[www.hardifinserv.in/tag/millenials/feed/index.html]
[www.hardifinserv.in/wp-content/uploads/stm_uploads/skin-customd17b.css]
[www.hardifinserv.in/wp-json/wp/v2/tags/44.json]
[www.hardifinserv.in/tag/millenials/index.html]
[www.hardifinserv.in/wp-content/uploads/stm_uploads/skin-custom7aae.css]
[www.hardifinserv.in/tag/planning/feed/index.html]
[www.hardifinserv.in/wp-json/wp/v2/tags/50.json]
[www.hardifinserv.in/tag/planning/index.html]
[www.hardifinserv.in/tag/tips/feed/index.html]
[www.hardifinserv.in/wp-content/uploads/stm_uploads/skin-custom7be4.css]
[www.hardifinserv.in/wp-json/wp/v2/tags/57.json]
[www.hardifinserv.in/tag/tips/index.html]
[www.hardifinserv.in/wp-content/plugins/js_composer/assets/lib/vendor/prettyphoto/images/prettyPhoto/default/sprite.png]
[www.hardifinserv.in/wp-content/plugins/js_composer/assets/lib/vendor/prettyphoto/images/prettyPhoto/default/sprite_x.png]
[www.hardifinserv.in/wp-content/plugins/js_composer/assets/lib/vendor/prettyphoto/images/prettyPhoto/default/sprite_y.png]
[www.hardifinserv.in/wp-content/plugins/js_composer/assets/lib/vendor/prettyphoto/images/prettyPhoto/default/sprite_next.png]
[www.hardifinserv.in/wp-content/plugins/js_composer/assets/lib/vendor/prettyphoto/images/prettyPhoto/default/sprite_prev.png]
[www.hardifinserv.in/wp-content/plugins/js_composer/assets/lib/vendor/prettyphoto/images/prettyPhoto/default/default_thumb.png]
[www.hardifinserv.in/wp-content/plugins/js_composer/assets/lib/vendor/prettyphoto/images/prettyPhoto/default/loader.gif]
[www.hardifinserv.in/wp-content/plugins/js_composer/assets/lib/vendor/prettyphoto/images/prettyPhoto/light_rounded/sprite.png]
[www.hardifinserv.in/wp-content/plugins/js_composer/assets/lib/vendor/prettyphoto/images/prettyPhoto/light_rounded/btnNext.png]
[www.hardifinserv.in/wp-content/plugins/js_composer/assets/lib/vendor/prettyphoto/images/prettyPhoto/light_rounded/btnPrevious.png]
[www.hardifinserv.in/wp-content/plugins/js_composer/assets/lib/vendor/prettyphoto/images/prettyPhoto/light_rounded/loader.gif]
[www.hardifinserv.in/wp-content/plugins/js_composer/assets/lib/vendor/prettyphoto/images/prettyPhoto/dark_rounded/sprite.png]
[www.hardifinserv.in/wp-content/plugins/js_composer/assets/lib/vendor/prettyphoto/images/prettyPhoto/dark_rounded/contentPattern.png]
[www.hardifinserv.in/wp-content/plugins/js_composer/assets/lib/vendor/prettyphoto/images/prettyPhoto/dark_rounded/btnNext.png]
[www.hardifinserv.in/wp-content/plugins/js_composer/assets/lib/vendor/prettyphoto/images/prettyPhoto/dark_rounded/btnPrevious.png]
[www.hardifinserv.in/wp-content/plugins/js_composer/assets/lib/vendor/prettyphoto/images/prettyPhoto/dark_rounded/loader.gif]
[www.hardifinserv.in/wp-content/plugins/js_composer/assets/lib/vendor/prettyphoto/images/prettyPhoto/dark_square/loader.gif]
[www.hardifinserv.in/wp-content/plugins/js_composer/assets/lib/vendor/prettyphoto/images/prettyPhoto/dark_square/sprite.png]
[www.hardifinserv.in/wp-content/plugins/js_composer/assets/lib/vendor/prettyphoto/images/prettyPhoto/dark_square/btnNext.png]
[www.hardifinserv.in/wp-content/plugins/js_composer/assets/lib/vendor/prettyphoto/images/prettyPhoto/dark_square/btnPrevious.png]
[www.hardifinserv.in/wp-content/plugins/js_composer/assets/lib/vendor/prettyphoto/images/prettyPhoto/light_square/sprite.png]
[www.hardifinserv.in/wp-content/plugins/js_composer/assets/lib/vendor/prettyphoto/images/prettyPhoto/light_square/btnNext.png]
[www.hardifinserv.in/wp-content/plugins/js_composer/assets/lib/vendor/prettyphoto/images/prettyPhoto/light_square/btnPrevious.png]
[www.hardifinserv.in/wp-content/plugins/js_composer/assets/lib/vendor/prettyphoto/images/prettyPhoto/facebook/sprite.png]
[www.hardifinserv.in/wp-content/plugins/js_composer/assets/lib/vendor/prettyphoto/images/prettyPhoto/facebook/contentPatternTop.png]
[www.hardifinserv.in/wp-content/plugins/js_composer/assets/lib/vendor/prettyphoto/images/prettyPhoto/facebook/contentPatternLeft.png]
[www.hardifinserv.in/wp-content/plugins/js_composer/assets/lib/vendor/prettyphoto/images/prettyPhoto/facebook/contentPatternRight.png]
[www.hardifinserv.in/wp-content/plugins/js_composer/assets/lib/vendor/prettyphoto/images/prettyPhoto/facebook/loader.gif]
[www.hardifinserv.in/wp-content/plugins/js_composer/assets/lib/vendor/prettyphoto/images/prettyPhoto/facebook/btnNext.png]
[www.hardifinserv.in/wp-content/plugins/js_composer/assets/lib/vendor/prettyphoto/images/prettyPhoto/facebook/btnPrevious.png]
[www.hardifinserv.in/wp-content/plugins/js_composer/assets/lib/vendor/prettyphoto/images/prettyPhoto/facebook/contentPatternBottom.png]
[www.hardifinserv.in/wp-content/plugins/js_composer/assets/lib/vendor/prettyphoto/images/prettyPhoto/facebook/default_thumbnail.gif]
[www.hardifinserv.in/wp-content/plugins/js_composer/assets/lib/vendor/prettyphoto/css/prettyPhoto.min3787.css]
[www.hardifinserv.in/wp-content/plugins/js_composer/assets/lib/vendor/node_modules/isotope-layout/dist/isotope.pkgd.min3787.js]
[www.hardifinserv.in/wp-content/plugins/js_composer/assets/lib/vendor/prettyphoto/js/jquery.prettyPhoto.min3787.js]
[www.hardifinserv.in/wp-content/plugins/stm-post-type/theme-options/nuxy/metaboxes/assets/vendors/font-awesome.mind66d.css]
[www.hardifinserv.in/wp-content/uploads/stm_uploads/skin-custom58aa.css]
[www.hardifinserv.in/index9c49.html]
[www.hardifinserv.in/indexa6b4.html]
[www.hardifinserv.in/wp-content/uploads/stm_uploads/skin-custom374f.css]
[www.hardifinserv.in/harvest-great-ideas-from-your-companys-best-assets/youtu.be/index.html]
[www.hardifinserv.in/indexd52d.html]
[www.hardifinserv.in/indexbbdb.html]
[www.hardifinserv.in/wp-content/uploads/stm_uploads/skin-customaa53.css]
[www.hardifinserv.in/indexa83f.html]
[www.hardifinserv.in/indexb813.html]
[www.hardifinserv.in/wp-content/plugins/stm-post-type/theme-options/nuxy/metaboxes/assets/vendors/font-awesome.min66cd.css]
[www.hardifinserv.in/wp-content/uploads/stm_uploads/skin-customddd8.css]
[www.hardifinserv.in/index5081.html]
[www.hardifinserv.in/wp-content/uploads/stm_uploads/skin-customa4ce.css]
[www.hardifinserv.in/index840f.html]
[www.hardifinserv.in/wp-content/plugins/stm-post-type/theme-options/nuxy/metaboxes/assets/vendors/font-awesome.min4566.css]
[www.hardifinserv.in/wp-content/uploads/stm_uploads/skin-custom9b33.css]
[www.hardifinserv.in/index5d04.html]
[www.hardifinserv.in/index7050.html]
[www.hardifinserv.in/indexfe6c.html]
[www.hardifinserv.in/wp-content/plugins/stm-post-type/theme-options/nuxy/metaboxes/assets/vendors/font-awesome.min0722.css]
[www.hardifinserv.in/wp-content/uploads/stm_uploads/skin-customb673.css]
[www.hardifinserv.in/index3431.html]
[www.hardifinserv.in/wp-content/plugins/stm-post-type/theme-options/nuxy/metaboxes/assets/vendors/font-awesome.minb2d6.css]
[www.hardifinserv.in/wp-content/uploads/stm_uploads/skin-custom2268.css]
[www.hardifinserv.in/index39ed.html]
[www.hardifinserv.in/wp-includes/fonts/dashicons7d4b.eot]
[www.hardifinserv.in/wp-includes/css/dashicons.min0899.css]
[www.hardifinserv.in/wp-includes/fonts/dashicons7d4b.ttf]
[www.hardifinserv.in/wp-includes/css/buttons.min0899.css]
[www.hardifinserv.in/wp-admin/images/loading.gif]
[www.hardifinserv.in/wp-admin/css/forms.min0899.css]
[www.hardifinserv.in/wp-admin/css/l10n.min0899.css]
[www.hardifinserv.in/wp-admin/images/w-logo-blue7a53.png]
[www.hardifinserv.in/wp-admin/images/wordpress-logo7d6b.svg]
[www.hardifinserv.in/wp-admin/css/login.min0899.css]
[www.hardifinserv.in/indexcfe8.html]
[www.hardifinserv.in/wp-loginc2b6.html]
[www.hardifinserv.in/wp-includes/js/clipboard.min3c89.js]
[www.hardifinserv.in/wp-includes/js/zxcvbn-async.min5152.js]
[www.hardifinserv.in/wp-admin/js/password-strength-meter.min0899.js]
[www.hardifinserv.in/wp-includes/js/underscore.min3ab8.js]
[www.hardifinserv.in/wp-includes/js/wp-util.min0899.js]
[www.hardifinserv.in/wp-includes/js/dist/dom-ready.min5346.js]
[www.hardifinserv.in/wp-includes/js/dist/a11y.min3f73.js]
[www.hardifinserv.in/wp-admin/js/user-profile.min0899.js]
[www.hardifinserv.in/index0189.html]
[www.hardifinserv.in/index3907.html]
[www.hardifinserv.in/index5449.html]
[www.hardifinserv.in/indexd72b.html]
[www.hardifinserv.in/index8d79.html]
[www.hardifinserv.in/index9f5d.html]
[www.hardifinserv.in/index4ed4.html]
[www.hardifinserv.in/indexbbed.html]
[www.hardifinserv.in/index51fb.html]
[www.hardifinserv.in/index2b40.html]
[www.hardifinserv.in/index6a62.html]
[www.hardifinserv.in/indexe3ae.html]
[www.hardifinserv.in/indexab93.html]
[www.hardifinserv.in/indexf68c.html]
[www.hardifinserv.in/indexf77a.html]
[www.hardifinserv.in/index6f55.html]
[www.hardifinserv.in/index378d.html]
[www.hardifinserv.in/index59f8.html]
[www.hardifinserv.in/index7f6c.html]
[www.hardifinserv.in/index73a1.html]
[www.hardifinserv.in/indexd962.html]
[www.hardifinserv.in/indexbb32.html]
[www.hardifinserv.in/index2437.html]
[www.hardifinserv.in/index9648.html]
[www.hardifinserv.in/indexcafc.html]
[www.hardifinserv.in/indexc7ed.html]
[www.hardifinserv.in/index5a7f.html]
[www.hardifinserv.in/index7e5a.html]
[www.hardifinserv.in/indexa3a8.html]
[www.hardifinserv.in/index9cac.html]
[www.hardifinserv.in/wp-content/plugins/stm-post-type/theme-options/nuxy/metaboxes/assets/vendors/font-awesome.mina956.css]
[www.hardifinserv.in/wp-content/uploads/stm_uploads/skin-customb74c.css]
[www.hardifinserv.in/indexc8c6.html]
[www.hardifinserv.in/wp-content/uploads/stm_uploads/skin-customd1ed.css]
[www.hardifinserv.in/index1d86.html]
[www.hardifinserv.in/wp-content/plugins/stm-post-type/theme-options/nuxy/metaboxes/assets/vendors/font-awesome.minfe8d.css]
[www.hardifinserv.in/wp-content/uploads/stm_uploads/skin-custom3518.css]
[www.hardifinserv.in/index7a14.html]
[www.hardifinserv.in/wp-content/uploads/stm_uploads/skin-custom04b0.css]
[www.hardifinserv.in/indexa2f8.html]
[www.hardifinserv.in/wp-content/uploads/stm_uploads/skin-custom7e01.css]
[www.hardifinserv.in/index74b3.html]
[www.hardifinserv.in/wp-content/uploads/stm_uploads/skin-custome616.css]
[www.hardifinserv.in/indexf16f.html]
[www.hardifinserv.in/wp-content/plugins/stm-post-type/theme-options/nuxy/metaboxes/assets/vendors/font-awesome.mine8be.css]
[www.hardifinserv.in/wp-content/uploads/stm_uploads/skin-custom818f.css]
[www.hardifinserv.in/index3f2e.html]
[www.hardifinserv.in/wp-content/uploads/stm_uploads/skin-custom2782.css]
[www.hardifinserv.in/index22f7.html]
[www.hardifinserv.in/wp-content/uploads/stm_uploads/skin-customd3d7.css]
[www.hardifinserv.in/index6060.html]
[www.hardifinserv.in/wp-content/plugins/stm-post-type/theme-options/nuxy/metaboxes/assets/vendors/font-awesome.mind167.css]
[www.hardifinserv.in/wp-content/uploads/stm_uploads/skin-customd17b.css]
[www.hardifinserv.in/indexdd61.html]
[www.hardifinserv.in/wp-content/uploads/stm_uploads/skin-custom7aae.css]
[www.hardifinserv.in/index3e39.html]
[www.hardifinserv.in/wp-content/uploads/stm_uploads/skin-custom7be4.css]
[www.hardifinserv.in/indexe8b4.html]
[www.hardifinserv.in/harvest-great-ideas-from-your-companys-best-assets/youtu.be/index.html]
[www.hardifinserv.in/indexad59.html]
[www.hardifinserv.in/index202c.html]
[www.hardifinserv.in/index7bc3.html]
[www.hardifinserv.in/indexe919.html]
[www.hardifinserv.in/indexb0e3.html]
[www.hardifinserv.in/index3c3d.html]
[www.hardifinserv.in/index0c5c.html]
[www.hardifinserv.in/index4394.html]
[www.hardifinserv.in/index6873.html]
[www.hardifinserv.in/index5ae0.html]
[www.hardifinserv.in/wp-admin/images/wordpress-logo7d6b.svg]
[www.hardifinserv.in/index8301.html]
[www.hardifinserv.in/index6f1d.html]
[www.hardifinserv.in/indexd776.html]
[www.hardifinserv.in/index9d1e.html]
[www.hardifinserv.in/indexc08a.html]
[www.hardifinserv.in/index063d.html]
[www.hardifinserv.in/index02dc.html]
[www.hardifinserv.in/indexc48d.html]
[www.hardifinserv.in/index5c2e.html]
[www.hardifinserv.in/indexe0ce.html]
[www.hardifinserv.in/index7585.html]
[www.hardifinserv.in/index5b6b.html]
[www.hardifinserv.in/indexb7d6.html]
[www.hardifinserv.in/index3f54.html]
[www.hardifinserv.in/indexf87a.html]
[www.hardifinserv.in/index2964.html]
[www.hardifinserv.in/index4da6.html]
[www.hardifinserv.in/indexe6db.html]
[www.hardifinserv.in/index5c62.html]
[www.hardifinserv.in/index1813.html]
[www.hardifinserv.in/index20fe.html]
[www.hardifinserv.in/index00ae.html]
[www.hardifinserv.in/index7c9e.html]
[www.hardifinserv.in/index71f8.html]
[www.hardifinserv.in/indexab8c.html]
[www.hardifinserv.in/index8938.html]
[www.hardifinserv.in/indexe30e.html]
[www.hardifinserv.in/index0df9.html]
[www.hardifinserv.in/index3bd2.html]
[www.hardifinserv.in/index85b4.html]
[www.hardifinserv.in/indexc96d.html]
[www.hardifinserv.in/index2a01.html]
[www.hardifinserv.in/indexedce.html]
[www.hardifinserv.in/index7bb1.html]
[www.hardifinserv.in/indexe905.html]
[www.hardifinserv.in/index46d9.html]
[www.hardifinserv.in/indexbb34.html]
[www.hardifinserv.in/index302c.html]
[www.hardifinserv.in/index01ec.html]
[www.hardifinserv.in/index8ab4.html]
[www.hardifinserv.in/indexe977.html]
[www.hardifinserv.in/index9285.html]
[www.hardifinserv.in/indexd912.html]
[www.hardifinserv.in/indexcb46.html]
[www.hardifinserv.in/indexdfc4.html]
[www.hardifinserv.in/index90ae.html]
[www.hardifinserv.in/index4a1b.html]
[www.hardifinserv.in/index4c06.html]
[www.hardifinserv.in/index3229.html]
[www.hardifinserv.in/index4858.html]
[www.hardifinserv.in/index944a.html]
[www.hardifinserv.in/indexdbbf.html]
[www.hardifinserv.in/index611f.html]
[www.hardifinserv.in/indexd236.html]
[www.hardifinserv.in/index2764.html]
[www.hardifinserv.in/index577a.html]
[www.hardifinserv.in/indexf6d0.html]
